Determining if the pthread_create exist failed with the following output:
Change Dir: /home/student/Git-projects/robot_project/build/xarm5_gripper_moveit_config/CMakeFiles/CMakeTmp

Run Build Command:"/usr/bin/make" "cmTC_95887/fast"
/usr/bin/make -f CMakeFiles/cmTC_95887.dir/build.make CMakeFiles/cmTC_95887.dir/build
make[1]: Entering directory '/home/student/Git-projects/robot_project/build/xarm5_gripper_moveit_config/CMakeFiles/CMakeTmp'
Building C object CMakeFiles/cmTC_95887.dir/CheckSymbolExists.c.o
/usr/bin/cc    -o CMakeFiles/cmTC_95887.dir/CheckSymbolExists.c.o   -c /home/student/Git-projects/robot_project/build/xarm5_gripper_moveit_config/CMakeFiles/CMakeTmp/CheckSymbolExists.c
Linking C executable cmTC_95887
/usr/bin/cmake -E cmake_link_script CMakeFiles/cmTC_95887.dir/link.txt --verbose=1
/usr/bin/cc      -rdynamic CMakeFiles/cmTC_95887.dir/CheckSymbolExists.c.o  -o cmTC_95887 
CMakeFiles/cmTC_95887.dir/CheckSymbolExists.c.o: In function `main':
CheckSymbolExists.c:(.text+0x1b): undefined reference to `pthread_create'
collect2: error: ld returned 1 exit status
CMakeFiles/cmTC_95887.dir/build.make:97: recipe for target 'cmTC_95887' failed
make[1]: *** [cmTC_95887] Error 1
make[1]: Leaving directory '/home/student/Git-projects/robot_project/build/xarm5_gripper_moveit_config/CMakeFiles/CMakeTmp'
Makefile:126: recipe for target 'cmTC_95887/fast' failed
make: *** [cmTC_95887/fast] Error 2

File /home/student/Git-projects/robot_project/build/xarm5_gripper_moveit_config/CMakeFiles/CMakeTmp/CheckSymbolExists.c:
/* */
#include <pthread.h>

int main(int argc, char** argv)
{
  (void)argv;
#ifndef pthread_create
  return ((int*)(&pthread_create))[argc];
#else
  (void)argc;
  return 0;
#endif
}

Determining if the function pthread_create exists in the pthreads failed with the following output:
Change Dir: /home/student/Git-projects/robot_project/build/xarm5_gripper_moveit_config/CMakeFiles/CMakeTmp

Run Build Command:"/usr/bin/make" "cmTC_d9fab/fast"
/usr/bin/make -f CMakeFiles/cmTC_d9fab.dir/build.make CMakeFiles/cmTC_d9fab.dir/build
make[1]: Entering directory '/home/student/Git-projects/robot_project/build/xarm5_gripper_moveit_config/CMakeFiles/CMakeTmp'
Building C object CMakeFiles/cmTC_d9fab.dir/CheckFunctionExists.c.o
/usr/bin/cc   -DCHECK_FUNCTION_EXISTS=pthread_create   -o CMakeFiles/cmTC_d9fab.dir/CheckFunctionExists.c.o   -c /usr/share/cmake-3.10/Modules/CheckFunctionExists.c
Linking C executable cmTC_d9fab
/usr/bin/cmake -E cmake_link_script CMakeFiles/cmTC_d9fab.dir/link.txt --verbose=1
/usr/bin/cc  -DCHECK_FUNCTION_EXISTS=pthread_create    -rdynamic CMakeFiles/cmTC_d9fab.dir/CheckFunctionExists.c.o  -o cmTC_d9fab -lpthreads 
/usr/bin/ld: cannot find -lpthreads
collect2: error: ld returned 1 exit status
CMakeFiles/cmTC_d9fab.dir/build.make:97: recipe for target 'cmTC_d9fab' failed
make[1]: *** [cmTC_d9fab] Error 1
make[1]: Leaving directory '/home/student/Git-projects/robot_project/build/xarm5_gripper_moveit_config/CMakeFiles/CMakeTmp'
Makefile:126: recipe for target 'cmTC_d9fab/fast' failed
make: *** [cmTC_d9fab/fast] Error 2


