Determining if the pthread_create exist failed with the following output:
Change Dir: /home/student/Git-projects/robot_project/build/depthai_bridge/CMakeFiles/CMakeTmp

Run Build Command:"/usr/bin/make" "cmTC_336fa/fast"
/usr/bin/make -f CMakeFiles/cmTC_336fa.dir/build.make CMakeFiles/cmTC_336fa.dir/build
make[1]: Entering directory '/home/student/Git-projects/robot_project/build/depthai_bridge/CMakeFiles/CMakeTmp'
Building C object CMakeFiles/cmTC_336fa.dir/CheckSymbolExists.c.o
/usr/bin/cc   -fPIE   -o CMakeFiles/cmTC_336fa.dir/CheckSymbolExists.c.o   -c /home/student/Git-projects/robot_project/build/depthai_bridge/CMakeFiles/CMakeTmp/CheckSymbolExists.c
Linking C executable cmTC_336fa
/usr/bin/cmake -E cmake_link_script CMakeFiles/cmTC_336fa.dir/link.txt --verbose=1
/usr/bin/cc      -rdynamic CMakeFiles/cmTC_336fa.dir/CheckSymbolExists.c.o  -o cmTC_336fa 
CMakeFiles/cmTC_336fa.dir/CheckSymbolExists.c.o: In function `main':
CheckSymbolExists.c:(.text+0x1b): undefined reference to `pthread_create'
collect2: error: ld returned 1 exit status
CMakeFiles/cmTC_336fa.dir/build.make:97: recipe for target 'cmTC_336fa' failed
make[1]: *** [cmTC_336fa] Error 1
make[1]: Leaving directory '/home/student/Git-projects/robot_project/build/depthai_bridge/CMakeFiles/CMakeTmp'
Makefile:126: recipe for target 'cmTC_336fa/fast' failed
make: *** [cmTC_336fa/fast] Error 2

File /home/student/Git-projects/robot_project/build/depthai_bridge/CMakeFiles/CMakeTmp/CheckSymbolExists.c:
/* */
#include <pthread.h>

int main(int argc, char** argv)
{
  (void)argv;
#ifndef pthread_create
  return ((int*)(&pthread_create))[argc];
#else
  (void)argc;
  return 0;
#endif
}

Determining if the function pthread_create exists in the pthreads failed with the following output:
Change Dir: /home/student/Git-projects/robot_project/build/depthai_bridge/CMakeFiles/CMakeTmp

Run Build Command:"/usr/bin/make" "cmTC_9349d/fast"
/usr/bin/make -f CMakeFiles/cmTC_9349d.dir/build.make CMakeFiles/cmTC_9349d.dir/build
make[1]: Entering directory '/home/student/Git-projects/robot_project/build/depthai_bridge/CMakeFiles/CMakeTmp'
Building C object CMakeFiles/cmTC_9349d.dir/CheckFunctionExists.c.o
/usr/bin/cc   -DCHECK_FUNCTION_EXISTS=pthread_create -fPIE   -o CMakeFiles/cmTC_9349d.dir/CheckFunctionExists.c.o   -c /usr/share/cmake-3.10/Modules/CheckFunctionExists.c
Linking C executable cmTC_9349d
/usr/bin/cmake -E cmake_link_script CMakeFiles/cmTC_9349d.dir/link.txt --verbose=1
/usr/bin/cc  -DCHECK_FUNCTION_EXISTS=pthread_create    -rdynamic CMakeFiles/cmTC_9349d.dir/CheckFunctionExists.c.o  -o cmTC_9349d -lpthreads 
/usr/bin/ld: cannot find -lpthreads
collect2: error: ld returned 1 exit status
CMakeFiles/cmTC_9349d.dir/build.make:97: recipe for target 'cmTC_9349d' failed
make[1]: *** [cmTC_9349d] Error 1
make[1]: Leaving directory '/home/student/Git-projects/robot_project/build/depthai_bridge/CMakeFiles/CMakeTmp'
Makefile:126: recipe for target 'cmTC_9349d/fast' failed
make: *** [cmTC_9349d/fast] Error 2


