Determining if the pthread_create exist failed with the following output:
Change Dir: /home/student/Git-projects/robot_project/build/xarm_gripper/CMakeFiles/CMakeTmp

Run Build Command:"/usr/bin/make" "cmTC_a3b65/fast"
/usr/bin/make -f CMakeFiles/cmTC_a3b65.dir/build.make CMakeFiles/cmTC_a3b65.dir/build
make[1]: Entering directory '/home/student/Git-projects/robot_project/build/xarm_gripper/CMakeFiles/CMakeTmp'
Building C object CMakeFiles/cmTC_a3b65.dir/CheckSymbolExists.c.o
/usr/bin/cc    -o CMakeFiles/cmTC_a3b65.dir/CheckSymbolExists.c.o   -c /home/student/Git-projects/robot_project/build/xarm_gripper/CMakeFiles/CMakeTmp/CheckSymbolExists.c
Linking C executable cmTC_a3b65
/usr/bin/cmake -E cmake_link_script CMakeFiles/cmTC_a3b65.dir/link.txt --verbose=1
/usr/bin/cc      -rdynamic CMakeFiles/cmTC_a3b65.dir/CheckSymbolExists.c.o  -o cmTC_a3b65 
CMakeFiles/cmTC_a3b65.dir/CheckSymbolExists.c.o: In function `main':
CheckSymbolExists.c:(.text+0x1b): undefined reference to `pthread_create'
collect2: error: ld returned 1 exit status
CMakeFiles/cmTC_a3b65.dir/build.make:97: recipe for target 'cmTC_a3b65' failed
make[1]: *** [cmTC_a3b65] Error 1
make[1]: Leaving directory '/home/student/Git-projects/robot_project/build/xarm_gripper/CMakeFiles/CMakeTmp'
Makefile:126: recipe for target 'cmTC_a3b65/fast' failed
make: *** [cmTC_a3b65/fast] Error 2

File /home/student/Git-projects/robot_project/build/xarm_gripper/CMakeFiles/CMakeTmp/CheckSymbolExists.c:
/* */
#include <pthread.h>

int main(int argc, char** argv)
{
  (void)argv;
#ifndef pthread_create
  return ((int*)(&pthread_create))[argc];
#else
  (void)argc;
  return 0;
#endif
}

Determining if the function pthread_create exists in the pthreads failed with the following output:
Change Dir: /home/student/Git-projects/robot_project/build/xarm_gripper/CMakeFiles/CMakeTmp

Run Build Command:"/usr/bin/make" "cmTC_65cdf/fast"
/usr/bin/make -f CMakeFiles/cmTC_65cdf.dir/build.make CMakeFiles/cmTC_65cdf.dir/build
make[1]: Entering directory '/home/student/Git-projects/robot_project/build/xarm_gripper/CMakeFiles/CMakeTmp'
Building C object CMakeFiles/cmTC_65cdf.dir/CheckFunctionExists.c.o
/usr/bin/cc   -DCHECK_FUNCTION_EXISTS=pthread_create   -o CMakeFiles/cmTC_65cdf.dir/CheckFunctionExists.c.o   -c /usr/share/cmake-3.10/Modules/CheckFunctionExists.c
Linking C executable cmTC_65cdf
/usr/bin/cmake -E cmake_link_script CMakeFiles/cmTC_65cdf.dir/link.txt --verbose=1
/usr/bin/cc  -DCHECK_FUNCTION_EXISTS=pthread_create    -rdynamic CMakeFiles/cmTC_65cdf.dir/CheckFunctionExists.c.o  -o cmTC_65cdf -lpthreads 
/usr/bin/ld: cannot find -lpthreads
collect2: error: ld returned 1 exit status
CMakeFiles/cmTC_65cdf.dir/build.make:97: recipe for target 'cmTC_65cdf' failed
make[1]: *** [cmTC_65cdf] Error 1
make[1]: Leaving directory '/home/student/Git-projects/robot_project/build/xarm_gripper/CMakeFiles/CMakeTmp'
Makefile:126: recipe for target 'cmTC_65cdf/fast' failed
make: *** [cmTC_65cdf/fast] Error 2


