[  0%] Built target roscpp_generate_messages_eus
[  0%] Built target actionlib_msgs_generate_messages_py
[  0%] Built target _my_demo_generate_messages_check_deps_BrushPoseActionFeedback
[  0%] Built target _my_demo_generate_messages_check_deps_BrushPoseAction
[  0%] Built target _my_demo_generate_messages_check_deps_BrushPoseActionResult
[  0%] Built target _my_demo_generate_messages_check_deps_BrushPoseFeedback
[  0%] Built target _my_demo_generate_messages_check_deps_BrushPoseResult
[  0%] Built target geometry_msgs_generate_messages_py
[  0%] Built target std_msgs_generate_messages_py
[  0%] Built target _my_demo_generate_messages_check_deps_BrushPoseGoal
[  0%] Built target _my_demo_generate_messages_check_deps_BrushPoseActionGoal
[  0%] Built target actionlib_msgs_generate_messages_lisp
[  0%] Built target std_msgs_generate_messages_lisp
[  0%] Built target geometry_msgs_generate_messages_lisp
[  0%] Built target geometry_msgs_generate_messages_eus
[  0%] Built target std_msgs_generate_messages_eus
[  0%] Built target actionlib_msgs_generate_messages_eus
[  0%] Built target actionlib_msgs_generate_messages_cpp
[  0%] Built target geometry_msgs_generate_messages_cpp
[  0%] Built target std_msgs_generate_messages_cpp
[  0%] Built target std_msgs_generate_messages_nodejs
[  0%] Built target geometry_msgs_generate_messages_nodejs
[  0%] Built target actionlib_msgs_generate_messages_nodejs
[  0%] Built target roscpp_generate_messages_py
[  0%] Built target rosgraph_msgs_generate_messages_nodejs
[  0%] Built target rosgraph_msgs_generate_messages_py
[  0%] Built target rosgraph_msgs_generate_messages_cpp
[  0%] Built target roscpp_generate_messages_lisp
[  0%] Built target roscpp_generate_messages_cpp
[  0%] Built target actionlib_generate_messages_cpp
[  0%] Built target rosgraph_msgs_generate_messages_lisp
[  0%] Built target actionlib_generate_messages_eus
[  0%] Built target actionlib_generate_messages_lisp
[  0%] Built target actionlib_generate_messages_nodejs
[  0%] Built target actionlib_generate_messages_py
[  0%] Built target rosgraph_msgs_generate_messages_eus
[  0%] Built target roscpp_generate_messages_nodejs
[  2%] [34m[1mGenerating Python from MSG my_demo/BrushPoseActionGoal[0m
[  5%] [34m[1mGenerating Python from MSG my_demo/BrushPoseResult[0m
[  8%] [34m[1mGenerating Python from MSG my_demo/BrushPoseGoal[0m
[ 10%] [34m[1mGenerating Python from MSG my_demo/BrushPoseFeedback[0m
[ 13%] [34m[1mGenerating Python from MSG my_demo/BrushPoseActionResult[0m
[ 16%] [34m[1mGenerating Python from MSG my_demo/BrushPoseAction[0m
[ 18%] [34m[1mGenerating Python from MSG my_demo/BrushPoseActionFeedback[0m
[ 21%] [34m[1mGenerating Python msg __init__.py for my_demo[0m
[ 21%] Built target my_demo_generate_messages_py
[ 24%] [34m[1mGenerating Lisp code from my_demo/BrushPoseActionGoal.msg[0m
[ 27%] [34m[1mGenerating Lisp code from my_demo/BrushPoseResult.msg[0m
[ 29%] [34m[1mGenerating Lisp code from my_demo/BrushPoseGoal.msg[0m
[ 32%] [34m[1mGenerating Lisp code from my_demo/BrushPoseFeedback.msg[0m
[ 35%] [34m[1mGenerating Lisp code from my_demo/BrushPoseActionResult.msg[0m
[ 37%] [34m[1mGenerating Lisp code from my_demo/BrushPoseAction.msg[0m
[ 40%] [34m[1mGenerating Lisp code from my_demo/BrushPoseActionFeedback.msg[0m
[ 40%] Built target my_demo_generate_messages_lisp
[ 43%] [34m[1mGenerating EusLisp code from my_demo/BrushPoseActionGoal.msg[0m
[ 45%] [34m[1mGenerating EusLisp code from my_demo/BrushPoseResult.msg[0m
[ 48%] [34m[1mGenerating EusLisp code from my_demo/BrushPoseGoal.msg[0m
[ 51%] [34m[1mGenerating EusLisp code from my_demo/BrushPoseFeedback.msg[0m
[ 54%] [34m[1mGenerating EusLisp code from my_demo/BrushPoseActionResult.msg[0m
[ 56%] [34m[1mGenerating EusLisp code from my_demo/BrushPoseAction.msg[0m
[ 59%] [34m[1mGenerating EusLisp code from my_demo/BrushPoseActionFeedback.msg[0m
[ 62%] Built target my_demo_generate_messages_eus
[ 64%] [34m[1mGenerating C++ code from my_demo/BrushPoseActionGoal.msg[0m
[ 67%] [34m[1mGenerating C++ code from my_demo/BrushPoseResult.msg[0m
[ 70%] [34m[1mGenerating C++ code from my_demo/BrushPoseGoal.msg[0m
[ 72%] [34m[1mGenerating C++ code from my_demo/BrushPoseFeedback.msg[0m
[ 75%] [34m[1mGenerating C++ code from my_demo/BrushPoseActionResult.msg[0m
[ 78%] [34m[1mGenerating C++ code from my_demo/BrushPoseAction.msg[0m
[ 81%] [34m[1mGenerating C++ code from my_demo/BrushPoseActionFeedback.msg[0m
[ 81%] Built target my_demo_generate_messages_cpp
[ 83%] [34m[1mGenerating Javascript code from my_demo/BrushPoseActionGoal.msg[0m
[ 86%] [34m[1mGenerating Javascript code from my_demo/BrushPoseResult.msg[0m
[ 89%] [34m[1mGenerating Javascript code from my_demo/BrushPoseGoal.msg[0m
[ 91%] [34m[1mGenerating Javascript code from my_demo/BrushPoseFeedback.msg[0m
[ 94%] [34m[1mGenerating Javascript code from my_demo/BrushPoseActionResult.msg[0m
[ 97%] [34m[1mGenerating Javascript code from my_demo/BrushPoseAction.msg[0m
[100%] [34m[1mGenerating Javascript code from my_demo/BrushPoseActionFeedback.msg[0m
[100%] Built target my_demo_generate_messages_nodejs
[100%] Built target my_demo_generate_messages
