[36m--[0m Using CATKIN_DEVEL_PREFIX: /home/student/Git-projects/robot_project/devel/.private/my_demo
[36m--[0m Using CMAKE_PREFIX_PATH: /home/student/Git-projects/robot_project/devel;/home/student/ufactory_ws/devel;/home/student/range_sensor_tutorial_ws/devel;/home/student/rospackages_ws/devel;/opt/ros/melodic
[36m--[0m This workspace overlays: /home/student/Git-projects/robot_project/devel;/home/student/ufactory_ws/devel;/home/student/range_sensor_tutorial_ws/devel;/home/student/rospackages_ws/devel;/opt/ros/melodic
[36m--[0m Found PythonInterp: /usr/bin/python2 (found suitable version "2.7.17", minimum required is "2")
[36m--[0m Using PYTHON_EXECUTABLE: /usr/bin/python2
[36m--[0m Using Debian Python package layout
[36m--[0m Using empy: /usr/bin/empy
[36m--[0m Using CATKIN_ENABLE_TESTING: ON
[36m--[0m Call enable_testing()
[36m--[0m Using CATKIN_TEST_RESULTS_DIR: /home/student/Git-projects/robot_project/build/my_demo/test_results
[36m--[0m Found gtest sources under '/usr/src/googletest': gtests will be built
[36m--[0m Found gmock sources under '/usr/src/googletest': gmock will be built
[36m--[0m Found PythonInterp: /usr/bin/python2 (found version "2.7.17")
[36m--[0m Using Python nosetests: /usr/bin/nosetests-2.7
[36m--[0m catkin 0.7.29
[36m--[0m BUILD_SHARED_LIBS is on
[36m--[0m Using these message generators: gencpp;geneus;genlisp;gennodejs;genpy
[36m--[0m Generating .msg files for action my_demo/CoordCommand /home/student/Git-projects/robot_project/src/my_xarm_lite6/my_demo/action/CoordCommand.action
Generating for action CoordCommand
Traceback (most recent call last):
  File "/opt/ros/melodic/share/actionlib_msgs/cmake/../../../lib/actionlib_msgs/genaction.py", line 136, in <module>
    if __name__ == '__main__': main()
  File "/opt/ros/melodic/share/actionlib_msgs/cmake/../../../lib/actionlib_msgs/genaction.py", line 97, in main
    raise ActionSpecException("%s: wrong number of pieces, %d"%(filename,len(pieces)))
__main__.ActionSpecException: /home/student/Git-projects/robot_project/src/my_xarm_lite6/my_demo/action/CoordCommand.action: wrong number of pieces, 2
[31m[1mCMake Error[0m at /opt/ros/melodic/share/catkin/cmake/safe_execute_process.cmake:11 (message):

  execute_process(/home/student/Git-projects/robot_project/build/my_demo/catkin_generated/env_cached.sh
  "/usr/bin/python2"
  "/opt/ros/melodic/share/actionlib_msgs/cmake/../../../lib/actionlib_msgs/genaction.py"
  "/home/student/Git-projects/robot_project/src/my_xarm_lite6/my_demo/action/CoordCommand.action"
  "-o"
  "/home/student/Git-projects/robot_project/devel/.private/my_demo/share/my_demo/msg")
  returned error code 1
[36mCall Stack (most recent call first):[0m
  /opt/ros/melodic/share/actionlib_msgs/cmake/actionlib_msgs-extras.cmake:67 (safe_execute_process)
  CMakeLists.txt:22 (add_action_files)


[36m--[0m Configuring incomplete, errors occurred!
See also "/home/student/Git-projects/robot_project/build/my_demo/CMakeFiles/CMakeOutput.log".
See also "/home/student/Git-projects/robot_project/build/my_demo/CMakeFiles/CMakeError.log".
Makefile:334: recipe for target 'cmake_check_build_system' failed
make: *** [cmake_check_build_system] Error 1
