[  0%] Built target roscpp_generate_messages_eus
[  0%] Built target actionlib_msgs_generate_messages_py
[  0%] Built target _my_demo_generate_messages_check_deps_BrushPoseActionFeedback
[  0%] Built target _my_demo_generate_messages_check_deps_BrushPoseAction
[  0%] Built target _my_demo_generate_messages_check_deps_BrushPoseActionResult
[  0%] Built target _my_demo_generate_messages_check_deps_BrushPoseFeedback
[  0%] Built target _my_demo_generate_messages_check_deps_BrushPoseResult
[  0%] Built target geometry_msgs_generate_messages_py
[  0%] Built target std_msgs_generate_messages_py
[  0%] Built target _my_demo_generate_messages_check_deps_BrushPoseGoal
[  0%] Built target _my_demo_generate_messages_check_deps_BrushPoseActionGoal
[  0%] Built target actionlib_msgs_generate_messages_lisp
[  0%] Built target std_msgs_generate_messages_lisp
[  0%] Built target geometry_msgs_generate_messages_lisp
[  0%] Built target geometry_msgs_generate_messages_eus
[  0%] Built target std_msgs_generate_messages_eus
[  0%] Built target actionlib_msgs_generate_messages_eus
[  0%] Built target actionlib_msgs_generate_messages_cpp
[  0%] Built target geometry_msgs_generate_messages_cpp
[  0%] Built target std_msgs_generate_messages_cpp
[  0%] Built target std_msgs_generate_messages_nodejs
[  0%] Built target geometry_msgs_generate_messages_nodejs
[  0%] Built target actionlib_msgs_generate_messages_nodejs
[  0%] Built target roscpp_generate_messages_py
[  0%] Built target rosgraph_msgs_generate_messages_nodejs
[  0%] Built target rosgraph_msgs_generate_messages_py
[  0%] Built target rosgraph_msgs_generate_messages_cpp
[  0%] Built target roscpp_generate_messages_lisp
[  0%] Built target rosgraph_msgs_generate_messages_lisp
[  0%] Built target roscpp_generate_messages_cpp
[  0%] Built target actionlib_generate_messages_cpp
[  0%] Built target actionlib_generate_messages_lisp
[  0%] Built target actionlib_generate_messages_eus
[  0%] Built target actionlib_generate_messages_nodejs
[  0%] Built target actionlib_generate_messages_py
[  0%] Built target rosgraph_msgs_generate_messages_eus
[  0%] Built target roscpp_generate_messages_nodejs
[ 29%] Built target my_demo_generate_messages_lisp
[ 40%] Built target my_demo_generate_messages_py
[ 62%] Built target my_demo_generate_messages_eus
[ 97%] Built target my_demo_generate_messages_cpp
[100%] Built target my_demo_generate_messages_nodejs
[100%] Built target my_demo_generate_messages
