[36m--[0m Using CATKIN_DEVEL_PREFIX: /home/student/Git-projects/robot_project/devel/.private/my_demo
[36m--[0m Using CMAKE_PREFIX_PATH: /home/student/Git-projects/robot_project/devel;/home/student/ufactory_ws/devel;/home/student/range_sensor_tutorial_ws/devel;/home/student/rospackages_ws/devel;/opt/ros/melodic
[36m--[0m This workspace overlays: /home/student/Git-projects/robot_project/devel;/home/student/ufactory_ws/devel;/home/student/range_sensor_tutorial_ws/devel;/home/student/rospackages_ws/devel;/opt/ros/melodic
[36m--[0m Found PythonInterp: /usr/bin/python2 (found suitable version "2.7.17", minimum required is "2")
[36m--[0m Using PYTHON_EXECUTABLE: /usr/bin/python2
[36m--[0m Using Debian Python package layout
[36m--[0m Using empy: /usr/bin/empy
[36m--[0m Using CATKIN_ENABLE_TESTING: ON
[36m--[0m Call enable_testing()
[36m--[0m Using CATKIN_TEST_RESULTS_DIR: /home/student/Git-projects/robot_project/build/my_demo/test_results
[36m--[0m Found gtest sources under '/usr/src/googletest': gtests will be built
[36m--[0m Found gmock sources under '/usr/src/googletest': gmock will be built
[36m--[0m Found PythonInterp: /usr/bin/python2 (found version "2.7.17")
[36m--[0m Using Python nosetests: /usr/bin/nosetests-2.7
[36m--[0m catkin 0.7.29
[36m--[0m BUILD_SHARED_LIBS is on
[36m--[0m Using these message generators: gencpp;geneus;genlisp;gennodejs;genpy
[36m--[0m Generating .msg files for action my_demo/BrushPose /home/student/Git-projects/robot_project/src/my_xarm_lite6/my_demo/action/BrushPose.action
[36m--[0m my_demo: 7 messages, 0 services
[31m[1mCMake Error[0m at /opt/ros/melodic/share/catkin/cmake/catkin_package.cmake:196 (message):
  catkin_package() the catkin package 'rospy' has been find_package()-ed but
  is not listed as a build dependency in the package.xml
[36mCall Stack (most recent call first):[0m
  /opt/ros/melodic/share/catkin/cmake/catkin_package.cmake:102 (_catkin_package)
  CMakeLists.txt:102 (catkin_package)


[36m--[0m Configuring incomplete, errors occurred!
See also "/home/student/Git-projects/robot_project/build/my_demo/CMakeFiles/CMakeOutput.log".
See also "/home/student/Git-projects/robot_project/build/my_demo/CMakeFiles/CMakeError.log".
Makefile:334: recipe for target 'cmake_check_build_system' failed
make: *** [cmake_check_build_system] Error 1
