Linked: (/home/student/Git-projects/robot_project/devel/.private/my_demo/include/my_demo/BrushPoseActionGoal.h, /home/student/Git-projects/robot_project/devel/include/my_demo/BrushPoseActionGoal.h)
Linked: (/home/student/Git-projects/robot_project/devel/.private/my_demo/include/my_demo/BrushPoseResult.h, /home/student/Git-projects/robot_project/devel/include/my_demo/BrushPoseResult.h)
Linked: (/home/student/Git-projects/robot_project/devel/.private/my_demo/include/my_demo/BrushPoseGoal.h, /home/student/Git-projects/robot_project/devel/include/my_demo/BrushPoseGoal.h)
Linked: (/home/student/Git-projects/robot_project/devel/.private/my_demo/include/my_demo/BrushPoseFeedback.h, /home/student/Git-projects/robot_project/devel/include/my_demo/BrushPoseFeedback.h)
Linked: (/home/student/Git-projects/robot_project/devel/.private/my_demo/include/my_demo/BrushPoseAction.h, /home/student/Git-projects/robot_project/devel/include/my_demo/BrushPoseAction.h)
Linked: (/home/student/Git-projects/robot_project/devel/.private/my_demo/include/my_demo/BrushPoseActionFeedback.h, /home/student/Git-projects/robot_project/devel/include/my_demo/BrushPoseActionFeedback.h)
Linked: (/home/student/Git-projects/robot_project/devel/.private/my_demo/include/my_demo/BrushPoseActionResult.h, /home/student/Git-projects/robot_project/devel/include/my_demo/BrushPoseActionResult.h)
Linked: (/home/student/Git-projects/robot_project/devel/.private/my_demo/lib/python2.7/dist-packages/my_demo/__init__.py, /home/student/Git-projects/robot_project/devel/lib/python2.7/dist-packages/my_demo/__init__.py)
Linked: (/home/student/Git-projects/robot_project/devel/.private/my_demo/lib/python2.7/dist-packages/my_demo/msg/_BrushPoseActionGoal.py, /home/student/Git-projects/robot_project/devel/lib/python2.7/dist-packages/my_demo/msg/_BrushPoseActionGoal.py)
Linked: (/home/student/Git-projects/robot_project/devel/.private/my_demo/lib/python2.7/dist-packages/my_demo/msg/_BrushPoseGoal.py, /home/student/Git-projects/robot_project/devel/lib/python2.7/dist-packages/my_demo/msg/_BrushPoseGoal.py)
Linked: (/home/student/Git-projects/robot_project/devel/.private/my_demo/lib/python2.7/dist-packages/my_demo/msg/_BrushPoseResult.py, /home/student/Git-projects/robot_project/devel/lib/python2.7/dist-packages/my_demo/msg/_BrushPoseResult.py)
Linked: (/home/student/Git-projects/robot_project/devel/.private/my_demo/lib/python2.7/dist-packages/my_demo/msg/__init__.py, /home/student/Git-projects/robot_project/devel/lib/python2.7/dist-packages/my_demo/msg/__init__.py)
Linked: (/home/student/Git-projects/robot_project/devel/.private/my_demo/lib/python2.7/dist-packages/my_demo/msg/_BrushPoseAction.py, /home/student/Git-projects/robot_project/devel/lib/python2.7/dist-packages/my_demo/msg/_BrushPoseAction.py)
Linked: (/home/student/Git-projects/robot_project/devel/.private/my_demo/lib/python2.7/dist-packages/my_demo/msg/_BrushPoseActionResult.py, /home/student/Git-projects/robot_project/devel/lib/python2.7/dist-packages/my_demo/msg/_BrushPoseActionResult.py)
Linked: (/home/student/Git-projects/robot_project/devel/.private/my_demo/lib/python2.7/dist-packages/my_demo/msg/_BrushPoseActionFeedback.py, /home/student/Git-projects/robot_project/devel/lib/python2.7/dist-packages/my_demo/msg/_BrushPoseActionFeedback.py)
Linked: (/home/student/Git-projects/robot_project/devel/.private/my_demo/lib/python2.7/dist-packages/my_demo/msg/_BrushPoseFeedback.py, /home/student/Git-projects/robot_project/devel/lib/python2.7/dist-packages/my_demo/msg/_BrushPoseFeedback.py)
Linked: (/home/student/Git-projects/robot_project/devel/.private/my_demo/lib/pkgconfig/my_demo.pc, /home/student/Git-projects/robot_project/devel/lib/pkgconfig/my_demo.pc)
Linked: (/home/student/Git-projects/robot_project/devel/.private/my_demo/share/my_demo/msg/BrushPoseActionFeedback.msg, /home/student/Git-projects/robot_project/devel/share/my_demo/msg/BrushPoseActionFeedback.msg)
Linked: (/home/student/Git-projects/robot_project/devel/.private/my_demo/share/my_demo/msg/BrushPoseFeedback.msg, /home/student/Git-projects/robot_project/devel/share/my_demo/msg/BrushPoseFeedback.msg)
Linked: (/home/student/Git-projects/robot_project/devel/.private/my_demo/share/my_demo/msg/BrushPoseActionResult.msg, /home/student/Git-projects/robot_project/devel/share/my_demo/msg/BrushPoseActionResult.msg)
Linked: (/home/student/Git-projects/robot_project/devel/.private/my_demo/share/my_demo/msg/BrushPoseActionGoal.msg, /home/student/Git-projects/robot_project/devel/share/my_demo/msg/BrushPoseActionGoal.msg)
Linked: (/home/student/Git-projects/robot_project/devel/.private/my_demo/share/my_demo/msg/BrushPoseAction.msg, /home/student/Git-projects/robot_project/devel/share/my_demo/msg/BrushPoseAction.msg)
Linked: (/home/student/Git-projects/robot_project/devel/.private/my_demo/share/my_demo/msg/BrushPoseGoal.msg, /home/student/Git-projects/robot_project/devel/share/my_demo/msg/BrushPoseGoal.msg)
Linked: (/home/student/Git-projects/robot_project/devel/.private/my_demo/share/my_demo/msg/BrushPoseResult.msg, /home/student/Git-projects/robot_project/devel/share/my_demo/msg/BrushPoseResult.msg)
Linked: (/home/student/Git-projects/robot_project/devel/.private/my_demo/share/my_demo/cmake/my_demo-msg-extras.cmake, /home/student/Git-projects/robot_project/devel/share/my_demo/cmake/my_demo-msg-extras.cmake)
Linked: (/home/student/Git-projects/robot_project/devel/.private/my_demo/share/my_demo/cmake/my_demoConfig-version.cmake, /home/student/Git-projects/robot_project/devel/share/my_demo/cmake/my_demoConfig-version.cmake)
Linked: (/home/student/Git-projects/robot_project/devel/.private/my_demo/share/my_demo/cmake/my_demoConfig.cmake, /home/student/Git-projects/robot_project/devel/share/my_demo/cmake/my_demoConfig.cmake)
Linked: (/home/student/Git-projects/robot_project/devel/.private/my_demo/share/my_demo/cmake/my_demo-msg-paths.cmake, /home/student/Git-projects/robot_project/devel/share/my_demo/cmake/my_demo-msg-paths.cmake)
Linked: (/home/student/Git-projects/robot_project/devel/.private/my_demo/share/gennodejs/ros/my_demo/_index.js, /home/student/Git-projects/robot_project/devel/share/gennodejs/ros/my_demo/_index.js)
Linked: (/home/student/Git-projects/robot_project/devel/.private/my_demo/share/gennodejs/ros/my_demo/msg/BrushPoseActionGoal.js, /home/student/Git-projects/robot_project/devel/share/gennodejs/ros/my_demo/msg/BrushPoseActionGoal.js)
Linked: (/home/student/Git-projects/robot_project/devel/.private/my_demo/share/gennodejs/ros/my_demo/msg/BrushPoseAction.js, /home/student/Git-projects/robot_project/devel/share/gennodejs/ros/my_demo/msg/BrushPoseAction.js)
Linked: (/home/student/Git-projects/robot_project/devel/.private/my_demo/share/gennodejs/ros/my_demo/msg/BrushPoseResult.js, /home/student/Git-projects/robot_project/devel/share/gennodejs/ros/my_demo/msg/BrushPoseResult.js)
Linked: (/home/student/Git-projects/robot_project/devel/.private/my_demo/share/gennodejs/ros/my_demo/msg/_index.js, /home/student/Git-projects/robot_project/devel/share/gennodejs/ros/my_demo/msg/_index.js)
Linked: (/home/student/Git-projects/robot_project/devel/.private/my_demo/share/gennodejs/ros/my_demo/msg/BrushPoseFeedback.js, /home/student/Git-projects/robot_project/devel/share/gennodejs/ros/my_demo/msg/BrushPoseFeedback.js)
Linked: (/home/student/Git-projects/robot_project/devel/.private/my_demo/share/gennodejs/ros/my_demo/msg/BrushPoseActionFeedback.js, /home/student/Git-projects/robot_project/devel/share/gennodejs/ros/my_demo/msg/BrushPoseActionFeedback.js)
Linked: (/home/student/Git-projects/robot_project/devel/.private/my_demo/share/gennodejs/ros/my_demo/msg/BrushPoseGoal.js, /home/student/Git-projects/robot_project/devel/share/gennodejs/ros/my_demo/msg/BrushPoseGoal.js)
Linked: (/home/student/Git-projects/robot_project/devel/.private/my_demo/share/gennodejs/ros/my_demo/msg/BrushPoseActionResult.js, /home/student/Git-projects/robot_project/devel/share/gennodejs/ros/my_demo/msg/BrushPoseActionResult.js)
Linked: (/home/student/Git-projects/robot_project/devel/.private/my_demo/share/roseus/ros/my_demo/manifest.l, /home/student/Git-projects/robot_project/devel/share/roseus/ros/my_demo/manifest.l)
Linked: (/home/student/Git-projects/robot_project/devel/.private/my_demo/share/roseus/ros/my_demo/msg/BrushPoseActionResult.l, /home/student/Git-projects/robot_project/devel/share/roseus/ros/my_demo/msg/BrushPoseActionResult.l)
Linked: (/home/student/Git-projects/robot_project/devel/.private/my_demo/share/roseus/ros/my_demo/msg/BrushPoseFeedback.l, /home/student/Git-projects/robot_project/devel/share/roseus/ros/my_demo/msg/BrushPoseFeedback.l)
Linked: (/home/student/Git-projects/robot_project/devel/.private/my_demo/share/roseus/ros/my_demo/msg/BrushPoseGoal.l, /home/student/Git-projects/robot_project/devel/share/roseus/ros/my_demo/msg/BrushPoseGoal.l)
Linked: (/home/student/Git-projects/robot_project/devel/.private/my_demo/share/roseus/ros/my_demo/msg/BrushPoseActionFeedback.l, /home/student/Git-projects/robot_project/devel/share/roseus/ros/my_demo/msg/BrushPoseActionFeedback.l)
Linked: (/home/student/Git-projects/robot_project/devel/.private/my_demo/share/roseus/ros/my_demo/msg/BrushPoseActionGoal.l, /home/student/Git-projects/robot_project/devel/share/roseus/ros/my_demo/msg/BrushPoseActionGoal.l)
Linked: (/home/student/Git-projects/robot_project/devel/.private/my_demo/share/roseus/ros/my_demo/msg/BrushPoseAction.l, /home/student/Git-projects/robot_project/devel/share/roseus/ros/my_demo/msg/BrushPoseAction.l)
Linked: (/home/student/Git-projects/robot_project/devel/.private/my_demo/share/roseus/ros/my_demo/msg/BrushPoseResult.l, /home/student/Git-projects/robot_project/devel/share/roseus/ros/my_demo/msg/BrushPoseResult.l)
Linked: (/home/student/Git-projects/robot_project/devel/.private/my_demo/share/common-lisp/ros/my_demo/msg/_package_BrushPoseFeedback.lisp, /home/student/Git-projects/robot_project/devel/share/common-lisp/ros/my_demo/msg/_package_BrushPoseFeedback.lisp)
Linked: (/home/student/Git-projects/robot_project/devel/.private/my_demo/share/common-lisp/ros/my_demo/msg/BrushPoseActionGoal.lisp, /home/student/Git-projects/robot_project/devel/share/common-lisp/ros/my_demo/msg/BrushPoseActionGoal.lisp)
Linked: (/home/student/Git-projects/robot_project/devel/.private/my_demo/share/common-lisp/ros/my_demo/msg/_package_BrushPoseActionGoal.lisp, /home/student/Git-projects/robot_project/devel/share/common-lisp/ros/my_demo/msg/_package_BrushPoseActionGoal.lisp)
Linked: (/home/student/Git-projects/robot_project/devel/.private/my_demo/share/common-lisp/ros/my_demo/msg/_package_BrushPoseAction.lisp, /home/student/Git-projects/robot_project/devel/share/common-lisp/ros/my_demo/msg/_package_BrushPoseAction.lisp)
Linked: (/home/student/Git-projects/robot_project/devel/.private/my_demo/share/common-lisp/ros/my_demo/msg/_package.lisp, /home/student/Git-projects/robot_project/devel/share/common-lisp/ros/my_demo/msg/_package.lisp)
Linked: (/home/student/Git-projects/robot_project/devel/.private/my_demo/share/common-lisp/ros/my_demo/msg/BrushPoseResult.lisp, /home/student/Git-projects/robot_project/devel/share/common-lisp/ros/my_demo/msg/BrushPoseResult.lisp)
Linked: (/home/student/Git-projects/robot_project/devel/.private/my_demo/share/common-lisp/ros/my_demo/msg/_package_BrushPoseActionFeedback.lisp, /home/student/Git-projects/robot_project/devel/share/common-lisp/ros/my_demo/msg/_package_BrushPoseActionFeedback.lisp)
Linked: (/home/student/Git-projects/robot_project/devel/.private/my_demo/share/common-lisp/ros/my_demo/msg/BrushPoseGoal.lisp, /home/student/Git-projects/robot_project/devel/share/common-lisp/ros/my_demo/msg/BrushPoseGoal.lisp)
Linked: (/home/student/Git-projects/robot_project/devel/.private/my_demo/share/common-lisp/ros/my_demo/msg/_package_BrushPoseActionResult.lisp, /home/student/Git-projects/robot_project/devel/share/common-lisp/ros/my_demo/msg/_package_BrushPoseActionResult.lisp)
Linked: (/home/student/Git-projects/robot_project/devel/.private/my_demo/share/common-lisp/ros/my_demo/msg/BrushPoseActionFeedback.lisp, /home/student/Git-projects/robot_project/devel/share/common-lisp/ros/my_demo/msg/BrushPoseActionFeedback.lisp)
Linked: (/home/student/Git-projects/robot_project/devel/.private/my_demo/share/common-lisp/ros/my_demo/msg/BrushPoseFeedback.lisp, /home/student/Git-projects/robot_project/devel/share/common-lisp/ros/my_demo/msg/BrushPoseFeedback.lisp)
Linked: (/home/student/Git-projects/robot_project/devel/.private/my_demo/share/common-lisp/ros/my_demo/msg/BrushPoseActionResult.lisp, /home/student/Git-projects/robot_project/devel/share/common-lisp/ros/my_demo/msg/BrushPoseActionResult.lisp)
Linked: (/home/student/Git-projects/robot_project/devel/.private/my_demo/share/common-lisp/ros/my_demo/msg/_package_BrushPoseGoal.lisp, /home/student/Git-projects/robot_project/devel/share/common-lisp/ros/my_demo/msg/_package_BrushPoseGoal.lisp)
Linked: (/home/student/Git-projects/robot_project/devel/.private/my_demo/share/common-lisp/ros/my_demo/msg/_package_BrushPoseResult.lisp, /home/student/Git-projects/robot_project/devel/share/common-lisp/ros/my_demo/msg/_package_BrushPoseResult.lisp)
Linked: (/home/student/Git-projects/robot_project/devel/.private/my_demo/share/common-lisp/ros/my_demo/msg/my_demo-msg.asd, /home/student/Git-projects/robot_project/devel/share/common-lisp/ros/my_demo/msg/my_demo-msg.asd)
Linked: (/home/student/Git-projects/robot_project/devel/.private/my_demo/share/common-lisp/ros/my_demo/msg/BrushPoseAction.lisp, /home/student/Git-projects/robot_project/devel/share/common-lisp/ros/my_demo/msg/BrushPoseAction.lisp)
