Symlinking /home/student/Git-projects/robot_project/devel/include/my_demo/BrushPoseActionGoal.h
Symlinking /home/student/Git-projects/robot_project/devel/include/my_demo/BrushPoseResult.h
Symlinking /home/student/Git-projects/robot_project/devel/include/my_demo/BrushPoseGoal.h
Symlinking /home/student/Git-projects/robot_project/devel/include/my_demo/BrushPoseFeedback.h
Symlinking /home/student/Git-projects/robot_project/devel/include/my_demo/BrushPoseAction.h
Symlinking /home/student/Git-projects/robot_project/devel/include/my_demo/BrushPoseActionFeedback.h
Symlinking /home/student/Git-projects/robot_project/devel/include/my_demo/BrushPoseActionResult.h
Symlinking /home/student/Git-projects/robot_project/devel/lib/python2.7/dist-packages/my_demo/__init__.py
Symlinking /home/student/Git-projects/robot_project/devel/lib/python2.7/dist-packages/my_demo/msg/_BrushPoseActionGoal.py
Symlinking /home/student/Git-projects/robot_project/devel/lib/python2.7/dist-packages/my_demo/msg/_BrushPoseGoal.py
Symlinking /home/student/Git-projects/robot_project/devel/lib/python2.7/dist-packages/my_demo/msg/_BrushPoseResult.py
Symlinking /home/student/Git-projects/robot_project/devel/lib/python2.7/dist-packages/my_demo/msg/__init__.py
Symlinking /home/student/Git-projects/robot_project/devel/lib/python2.7/dist-packages/my_demo/msg/_BrushPoseAction.py
Symlinking /home/student/Git-projects/robot_project/devel/lib/python2.7/dist-packages/my_demo/msg/_BrushPoseActionResult.py
Symlinking /home/student/Git-projects/robot_project/devel/lib/python2.7/dist-packages/my_demo/msg/_BrushPoseActionFeedback.py
Symlinking /home/student/Git-projects/robot_project/devel/lib/python2.7/dist-packages/my_demo/msg/_BrushPoseFeedback.py
Linked: (/home/student/Git-projects/robot_project/devel/.private/my_demo/lib/pkgconfig/my_demo.pc, /home/student/Git-projects/robot_project/devel/lib/pkgconfig/my_demo.pc)
Symlinking /home/student/Git-projects/robot_project/devel/share/my_demo/msg/BrushPoseActionFeedback.msg
Symlinking /home/student/Git-projects/robot_project/devel/share/my_demo/msg/BrushPoseFeedback.msg
Symlinking /home/student/Git-projects/robot_project/devel/share/my_demo/msg/BrushPoseActionResult.msg
Symlinking /home/student/Git-projects/robot_project/devel/share/my_demo/msg/BrushPoseActionGoal.msg
Symlinking /home/student/Git-projects/robot_project/devel/share/my_demo/msg/BrushPoseAction.msg
Symlinking /home/student/Git-projects/robot_project/devel/share/my_demo/msg/BrushPoseGoal.msg
Symlinking /home/student/Git-projects/robot_project/devel/share/my_demo/msg/BrushPoseResult.msg
Symlinking /home/student/Git-projects/robot_project/devel/share/my_demo/cmake/my_demo-msg-extras.cmake
Linked: (/home/student/Git-projects/robot_project/devel/.private/my_demo/share/my_demo/cmake/my_demoConfig-version.cmake, /home/student/Git-projects/robot_project/devel/share/my_demo/cmake/my_demoConfig-version.cmake)
Linked: (/home/student/Git-projects/robot_project/devel/.private/my_demo/share/my_demo/cmake/my_demoConfig.cmake, /home/student/Git-projects/robot_project/devel/share/my_demo/cmake/my_demoConfig.cmake)
Symlinking /home/student/Git-projects/robot_project/devel/share/my_demo/cmake/my_demo-msg-paths.cmake
Symlinking /home/student/Git-projects/robot_project/devel/share/gennodejs/ros/my_demo/_index.js
Symlinking /home/student/Git-projects/robot_project/devel/share/gennodejs/ros/my_demo/msg/BrushPoseActionGoal.js
Symlinking /home/student/Git-projects/robot_project/devel/share/gennodejs/ros/my_demo/msg/BrushPoseAction.js
Symlinking /home/student/Git-projects/robot_project/devel/share/gennodejs/ros/my_demo/msg/BrushPoseResult.js
Symlinking /home/student/Git-projects/robot_project/devel/share/gennodejs/ros/my_demo/msg/_index.js
Symlinking /home/student/Git-projects/robot_project/devel/share/gennodejs/ros/my_demo/msg/BrushPoseFeedback.js
Symlinking /home/student/Git-projects/robot_project/devel/share/gennodejs/ros/my_demo/msg/BrushPoseActionFeedback.js
Symlinking /home/student/Git-projects/robot_project/devel/share/gennodejs/ros/my_demo/msg/BrushPoseGoal.js
Symlinking /home/student/Git-projects/robot_project/devel/share/gennodejs/ros/my_demo/msg/BrushPoseActionResult.js
Symlinking /home/student/Git-projects/robot_project/devel/share/roseus/ros/my_demo/manifest.l
Symlinking /home/student/Git-projects/robot_project/devel/share/roseus/ros/my_demo/msg/BrushPoseActionResult.l
Symlinking /home/student/Git-projects/robot_project/devel/share/roseus/ros/my_demo/msg/BrushPoseFeedback.l
Symlinking /home/student/Git-projects/robot_project/devel/share/roseus/ros/my_demo/msg/BrushPoseGoal.l
Symlinking /home/student/Git-projects/robot_project/devel/share/roseus/ros/my_demo/msg/BrushPoseActionFeedback.l
Symlinking /home/student/Git-projects/robot_project/devel/share/roseus/ros/my_demo/msg/BrushPoseActionGoal.l
Symlinking /home/student/Git-projects/robot_project/devel/share/roseus/ros/my_demo/msg/BrushPoseAction.l
Symlinking /home/student/Git-projects/robot_project/devel/share/roseus/ros/my_demo/msg/BrushPoseResult.l
Symlinking /home/student/Git-projects/robot_project/devel/share/common-lisp/ros/my_demo/msg/_package_BrushPoseFeedback.lisp
Symlinking /home/student/Git-projects/robot_project/devel/share/common-lisp/ros/my_demo/msg/BrushPoseActionGoal.lisp
Symlinking /home/student/Git-projects/robot_project/devel/share/common-lisp/ros/my_demo/msg/_package_BrushPoseActionGoal.lisp
Symlinking /home/student/Git-projects/robot_project/devel/share/common-lisp/ros/my_demo/msg/_package_BrushPoseAction.lisp
Symlinking /home/student/Git-projects/robot_project/devel/share/common-lisp/ros/my_demo/msg/_package.lisp
Symlinking /home/student/Git-projects/robot_project/devel/share/common-lisp/ros/my_demo/msg/BrushPoseResult.lisp
Symlinking /home/student/Git-projects/robot_project/devel/share/common-lisp/ros/my_demo/msg/_package_BrushPoseActionFeedback.lisp
Symlinking /home/student/Git-projects/robot_project/devel/share/common-lisp/ros/my_demo/msg/BrushPoseGoal.lisp
Symlinking /home/student/Git-projects/robot_project/devel/share/common-lisp/ros/my_demo/msg/_package_BrushPoseActionResult.lisp
Symlinking /home/student/Git-projects/robot_project/devel/share/common-lisp/ros/my_demo/msg/BrushPoseActionFeedback.lisp
Symlinking /home/student/Git-projects/robot_project/devel/share/common-lisp/ros/my_demo/msg/BrushPoseFeedback.lisp
Symlinking /home/student/Git-projects/robot_project/devel/share/common-lisp/ros/my_demo/msg/BrushPoseActionResult.lisp
Symlinking /home/student/Git-projects/robot_project/devel/share/common-lisp/ros/my_demo/msg/_package_BrushPoseGoal.lisp
Symlinking /home/student/Git-projects/robot_project/devel/share/common-lisp/ros/my_demo/msg/_package_BrushPoseResult.lisp
Symlinking /home/student/Git-projects/robot_project/devel/share/common-lisp/ros/my_demo/msg/my_demo-msg.asd
Symlinking /home/student/Git-projects/robot_project/devel/share/common-lisp/ros/my_demo/msg/BrushPoseAction.lisp
