Determining if the pthread_create exist failed with the following output:
Change Dir: /home/student/Git-projects/robot_project/build/my_lite6_description/CMakeFiles/CMakeTmp

Run Build Command:"/usr/bin/make" "cmTC_ed9ec/fast"
/usr/bin/make -f CMakeFiles/cmTC_ed9ec.dir/build.make CMakeFiles/cmTC_ed9ec.dir/build
make[1]: Entering directory '/home/student/Git-projects/robot_project/build/my_lite6_description/CMakeFiles/CMakeTmp'
Building C object CMakeFiles/cmTC_ed9ec.dir/CheckSymbolExists.c.o
/usr/bin/cc    -o CMakeFiles/cmTC_ed9ec.dir/CheckSymbolExists.c.o   -c /home/student/Git-projects/robot_project/build/my_lite6_description/CMakeFiles/CMakeTmp/CheckSymbolExists.c
Linking C executable cmTC_ed9ec
/usr/bin/cmake -E cmake_link_script CMakeFiles/cmTC_ed9ec.dir/link.txt --verbose=1
/usr/bin/cc      -rdynamic CMakeFiles/cmTC_ed9ec.dir/CheckSymbolExists.c.o  -o cmTC_ed9ec 
CMakeFiles/cmTC_ed9ec.dir/CheckSymbolExists.c.o: In function `main':
CheckSymbolExists.c:(.text+0x1b): undefined reference to `pthread_create'
collect2: error: ld returned 1 exit status
CMakeFiles/cmTC_ed9ec.dir/build.make:97: recipe for target 'cmTC_ed9ec' failed
make[1]: *** [cmTC_ed9ec] Error 1
make[1]: Leaving directory '/home/student/Git-projects/robot_project/build/my_lite6_description/CMakeFiles/CMakeTmp'
Makefile:126: recipe for target 'cmTC_ed9ec/fast' failed
make: *** [cmTC_ed9ec/fast] Error 2

File /home/student/Git-projects/robot_project/build/my_lite6_description/CMakeFiles/CMakeTmp/CheckSymbolExists.c:
/* */
#include <pthread.h>

int main(int argc, char** argv)
{
  (void)argv;
#ifndef pthread_create
  return ((int*)(&pthread_create))[argc];
#else
  (void)argc;
  return 0;
#endif
}

Determining if the function pthread_create exists in the pthreads failed with the following output:
Change Dir: /home/student/Git-projects/robot_project/build/my_lite6_description/CMakeFiles/CMakeTmp

Run Build Command:"/usr/bin/make" "cmTC_16786/fast"
/usr/bin/make -f CMakeFiles/cmTC_16786.dir/build.make CMakeFiles/cmTC_16786.dir/build
make[1]: Entering directory '/home/student/Git-projects/robot_project/build/my_lite6_description/CMakeFiles/CMakeTmp'
Building C object CMakeFiles/cmTC_16786.dir/CheckFunctionExists.c.o
/usr/bin/cc   -DCHECK_FUNCTION_EXISTS=pthread_create   -o CMakeFiles/cmTC_16786.dir/CheckFunctionExists.c.o   -c /usr/share/cmake-3.10/Modules/CheckFunctionExists.c
Linking C executable cmTC_16786
/usr/bin/cmake -E cmake_link_script CMakeFiles/cmTC_16786.dir/link.txt --verbose=1
/usr/bin/cc  -DCHECK_FUNCTION_EXISTS=pthread_create    -rdynamic CMakeFiles/cmTC_16786.dir/CheckFunctionExists.c.o  -o cmTC_16786 -lpthreads 
/usr/bin/ld: cannot find -lpthreads
collect2: error: ld returned 1 exit status
CMakeFiles/cmTC_16786.dir/build.make:97: recipe for target 'cmTC_16786' failed
make[1]: *** [cmTC_16786] Error 1
make[1]: Leaving directory '/home/student/Git-projects/robot_project/build/my_lite6_description/CMakeFiles/CMakeTmp'
Makefile:126: recipe for target 'cmTC_16786/fast' failed
make: *** [cmTC_16786/fast] Error 2


