Symlinking /home/student/Git-projects/robot_project/devel/include/depthai_ros_msgs/NormalizedImageCropResponse.h
Symlinking /home/student/Git-projects/robot_project/devel/include/depthai_ros_msgs/NormalizedImageCropRequest.h
Symlinking /home/student/Git-projects/robot_project/devel/include/depthai_ros_msgs/AutoFocusCtrl.h
Symlinking /home/student/Git-projects/robot_project/devel/include/depthai_ros_msgs/TriggerNamed.h
Symlinking /home/student/Git-projects/robot_project/devel/include/depthai_ros_msgs/NormalizedImageCrop.h
Symlinking /home/student/Git-projects/robot_project/devel/include/depthai_ros_msgs/HandLandmark.h
Symlinking /home/student/Git-projects/robot_project/devel/include/depthai_ros_msgs/HandLandmarkArray.h
Symlinking /home/student/Git-projects/robot_project/devel/include/depthai_ros_msgs/TriggerNamedRequest.h
Symlinking /home/student/Git-projects/robot_project/devel/include/depthai_ros_msgs/TriggerNamedResponse.h
Symlinking /home/student/Git-projects/robot_project/devel/include/depthai_ros_msgs/SpatialDetectionArray.h
Symlinking /home/student/Git-projects/robot_project/devel/include/depthai_ros_msgs/SpatialDetection.h
Symlinking /home/student/Git-projects/robot_project/devel/lib/python2.7/dist-packages/depthai_ros_msgs/__init__.py
Symlinking /home/student/Git-projects/robot_project/devel/lib/python2.7/dist-packages/depthai_ros_msgs/msg/_HandLandmarkArray.py
Symlinking /home/student/Git-projects/robot_project/devel/lib/python2.7/dist-packages/depthai_ros_msgs/msg/__init__.py
Symlinking /home/student/Git-projects/robot_project/devel/lib/python2.7/dist-packages/depthai_ros_msgs/msg/_SpatialDetection.py
Symlinking /home/student/Git-projects/robot_project/devel/lib/python2.7/dist-packages/depthai_ros_msgs/msg/_HandLandmark.py
Symlinking /home/student/Git-projects/robot_project/devel/lib/python2.7/dist-packages/depthai_ros_msgs/msg/_SpatialDetectionArray.py
Symlinking /home/student/Git-projects/robot_project/devel/lib/python2.7/dist-packages/depthai_ros_msgs/msg/_AutoFocusCtrl.py
Symlinking /home/student/Git-projects/robot_project/devel/lib/python2.7/dist-packages/depthai_ros_msgs/srv/__init__.py
Symlinking /home/student/Git-projects/robot_project/devel/lib/python2.7/dist-packages/depthai_ros_msgs/srv/_TriggerNamed.py
Symlinking /home/student/Git-projects/robot_project/devel/lib/python2.7/dist-packages/depthai_ros_msgs/srv/_NormalizedImageCrop.py
Symlinking /home/student/Git-projects/robot_project/devel/lib/pkgconfig/depthai_ros_msgs.pc
Symlinking /home/student/Git-projects/robot_project/devel/share/depthai_ros_msgs/cmake/depthai_ros_msgsConfig.cmake
Symlinking /home/student/Git-projects/robot_project/devel/share/depthai_ros_msgs/cmake/depthai_ros_msgs-msg-extras.cmake
Symlinking /home/student/Git-projects/robot_project/devel/share/depthai_ros_msgs/cmake/depthai_ros_msgsConfig-version.cmake
Symlinking /home/student/Git-projects/robot_project/devel/share/depthai_ros_msgs/cmake/depthai_ros_msgs-msg-paths.cmake
Symlinking /home/student/Git-projects/robot_project/devel/share/gennodejs/ros/depthai_ros_msgs/_index.js
Symlinking /home/student/Git-projects/robot_project/devel/share/gennodejs/ros/depthai_ros_msgs/msg/SpatialDetection.js
Symlinking /home/student/Git-projects/robot_project/devel/share/gennodejs/ros/depthai_ros_msgs/msg/SpatialDetectionArray.js
Symlinking /home/student/Git-projects/robot_project/devel/share/gennodejs/ros/depthai_ros_msgs/msg/AutoFocusCtrl.js
Symlinking /home/student/Git-projects/robot_project/devel/share/gennodejs/ros/depthai_ros_msgs/msg/HandLandmark.js
Symlinking /home/student/Git-projects/robot_project/devel/share/gennodejs/ros/depthai_ros_msgs/msg/_index.js
Symlinking /home/student/Git-projects/robot_project/devel/share/gennodejs/ros/depthai_ros_msgs/msg/HandLandmarkArray.js
Symlinking /home/student/Git-projects/robot_project/devel/share/gennodejs/ros/depthai_ros_msgs/srv/TriggerNamed.js
Symlinking /home/student/Git-projects/robot_project/devel/share/gennodejs/ros/depthai_ros_msgs/srv/NormalizedImageCrop.js
Symlinking /home/student/Git-projects/robot_project/devel/share/gennodejs/ros/depthai_ros_msgs/srv/_index.js
Symlinking /home/student/Git-projects/robot_project/devel/share/roseus/ros/depthai_ros_msgs/manifest.l
Symlinking /home/student/Git-projects/robot_project/devel/share/roseus/ros/depthai_ros_msgs/msg/SpatialDetectionArray.l
Symlinking /home/student/Git-projects/robot_project/devel/share/roseus/ros/depthai_ros_msgs/msg/SpatialDetection.l
Symlinking /home/student/Git-projects/robot_project/devel/share/roseus/ros/depthai_ros_msgs/msg/AutoFocusCtrl.l
Symlinking /home/student/Git-projects/robot_project/devel/share/roseus/ros/depthai_ros_msgs/msg/HandLandmarkArray.l
Symlinking /home/student/Git-projects/robot_project/devel/share/roseus/ros/depthai_ros_msgs/msg/HandLandmark.l
Symlinking /home/student/Git-projects/robot_project/devel/share/roseus/ros/depthai_ros_msgs/srv/TriggerNamed.l
Symlinking /home/student/Git-projects/robot_project/devel/share/roseus/ros/depthai_ros_msgs/srv/NormalizedImageCrop.l
Symlinking /home/student/Git-projects/robot_project/devel/share/common-lisp/ros/depthai_ros_msgs/msg/HandLandmarkArray.lisp
Symlinking /home/student/Git-projects/robot_project/devel/share/common-lisp/ros/depthai_ros_msgs/msg/_package_AutoFocusCtrl.lisp
Symlinking /home/student/Git-projects/robot_project/devel/share/common-lisp/ros/depthai_ros_msgs/msg/HandLandmark.lisp
Symlinking /home/student/Git-projects/robot_project/devel/share/common-lisp/ros/depthai_ros_msgs/msg/depthai_ros_msgs-msg.asd
Symlinking /home/student/Git-projects/robot_project/devel/share/common-lisp/ros/depthai_ros_msgs/msg/SpatialDetection.lisp
Symlinking /home/student/Git-projects/robot_project/devel/share/common-lisp/ros/depthai_ros_msgs/msg/_package.lisp
Symlinking /home/student/Git-projects/robot_project/devel/share/common-lisp/ros/depthai_ros_msgs/msg/SpatialDetectionArray.lisp
Symlinking /home/student/Git-projects/robot_project/devel/share/common-lisp/ros/depthai_ros_msgs/msg/_package_HandLandmarkArray.lisp
Symlinking /home/student/Git-projects/robot_project/devel/share/common-lisp/ros/depthai_ros_msgs/msg/_package_SpatialDetection.lisp
Symlinking /home/student/Git-projects/robot_project/devel/share/common-lisp/ros/depthai_ros_msgs/msg/AutoFocusCtrl.lisp
Symlinking /home/student/Git-projects/robot_project/devel/share/common-lisp/ros/depthai_ros_msgs/msg/_package_SpatialDetectionArray.lisp
Symlinking /home/student/Git-projects/robot_project/devel/share/common-lisp/ros/depthai_ros_msgs/msg/_package_HandLandmark.lisp
Symlinking /home/student/Git-projects/robot_project/devel/share/common-lisp/ros/depthai_ros_msgs/srv/_package_TriggerNamed.lisp
Symlinking /home/student/Git-projects/robot_project/devel/share/common-lisp/ros/depthai_ros_msgs/srv/TriggerNamed.lisp
Symlinking /home/student/Git-projects/robot_project/devel/share/common-lisp/ros/depthai_ros_msgs/srv/_package.lisp
Symlinking /home/student/Git-projects/robot_project/devel/share/common-lisp/ros/depthai_ros_msgs/srv/depthai_ros_msgs-srv.asd
Symlinking /home/student/Git-projects/robot_project/devel/share/common-lisp/ros/depthai_ros_msgs/srv/NormalizedImageCrop.lisp
Symlinking /home/student/Git-projects/robot_project/devel/share/common-lisp/ros/depthai_ros_msgs/srv/_package_NormalizedImageCrop.lisp
