Linked: (/home/student/Git-projects/robot_project/devel/.private/depthai_ros_msgs/include/depthai_ros_msgs/NormalizedImageCropResponse.h, /home/student/Git-projects/robot_project/devel/include/depthai_ros_msgs/NormalizedImageCropResponse.h)
Linked: (/home/student/Git-projects/robot_project/devel/.private/depthai_ros_msgs/include/depthai_ros_msgs/NormalizedImageCropRequest.h, /home/student/Git-projects/robot_project/devel/include/depthai_ros_msgs/NormalizedImageCropRequest.h)
Linked: (/home/student/Git-projects/robot_project/devel/.private/depthai_ros_msgs/include/depthai_ros_msgs/AutoFocusCtrl.h, /home/student/Git-projects/robot_project/devel/include/depthai_ros_msgs/AutoFocusCtrl.h)
Linked: (/home/student/Git-projects/robot_project/devel/.private/depthai_ros_msgs/include/depthai_ros_msgs/TriggerNamed.h, /home/student/Git-projects/robot_project/devel/include/depthai_ros_msgs/TriggerNamed.h)
Linked: (/home/student/Git-projects/robot_project/devel/.private/depthai_ros_msgs/include/depthai_ros_msgs/NormalizedImageCrop.h, /home/student/Git-projects/robot_project/devel/include/depthai_ros_msgs/NormalizedImageCrop.h)
Linked: (/home/student/Git-projects/robot_project/devel/.private/depthai_ros_msgs/include/depthai_ros_msgs/HandLandmark.h, /home/student/Git-projects/robot_project/devel/include/depthai_ros_msgs/HandLandmark.h)
Linked: (/home/student/Git-projects/robot_project/devel/.private/depthai_ros_msgs/include/depthai_ros_msgs/HandLandmarkArray.h, /home/student/Git-projects/robot_project/devel/include/depthai_ros_msgs/HandLandmarkArray.h)
Linked: (/home/student/Git-projects/robot_project/devel/.private/depthai_ros_msgs/include/depthai_ros_msgs/TriggerNamedRequest.h, /home/student/Git-projects/robot_project/devel/include/depthai_ros_msgs/TriggerNamedRequest.h)
Linked: (/home/student/Git-projects/robot_project/devel/.private/depthai_ros_msgs/include/depthai_ros_msgs/TriggerNamedResponse.h, /home/student/Git-projects/robot_project/devel/include/depthai_ros_msgs/TriggerNamedResponse.h)
Linked: (/home/student/Git-projects/robot_project/devel/.private/depthai_ros_msgs/include/depthai_ros_msgs/SpatialDetectionArray.h, /home/student/Git-projects/robot_project/devel/include/depthai_ros_msgs/SpatialDetectionArray.h)
Linked: (/home/student/Git-projects/robot_project/devel/.private/depthai_ros_msgs/include/depthai_ros_msgs/SpatialDetection.h, /home/student/Git-projects/robot_project/devel/include/depthai_ros_msgs/SpatialDetection.h)
Linked: (/home/student/Git-projects/robot_project/devel/.private/depthai_ros_msgs/lib/python2.7/dist-packages/depthai_ros_msgs/__init__.py, /home/student/Git-projects/robot_project/devel/lib/python2.7/dist-packages/depthai_ros_msgs/__init__.py)
Linked: (/home/student/Git-projects/robot_project/devel/.private/depthai_ros_msgs/lib/python2.7/dist-packages/depthai_ros_msgs/msg/_HandLandmarkArray.py, /home/student/Git-projects/robot_project/devel/lib/python2.7/dist-packages/depthai_ros_msgs/msg/_HandLandmarkArray.py)
Linked: (/home/student/Git-projects/robot_project/devel/.private/depthai_ros_msgs/lib/python2.7/dist-packages/depthai_ros_msgs/msg/__init__.py, /home/student/Git-projects/robot_project/devel/lib/python2.7/dist-packages/depthai_ros_msgs/msg/__init__.py)
Linked: (/home/student/Git-projects/robot_project/devel/.private/depthai_ros_msgs/lib/python2.7/dist-packages/depthai_ros_msgs/msg/_SpatialDetection.py, /home/student/Git-projects/robot_project/devel/lib/python2.7/dist-packages/depthai_ros_msgs/msg/_SpatialDetection.py)
Linked: (/home/student/Git-projects/robot_project/devel/.private/depthai_ros_msgs/lib/python2.7/dist-packages/depthai_ros_msgs/msg/_HandLandmark.py, /home/student/Git-projects/robot_project/devel/lib/python2.7/dist-packages/depthai_ros_msgs/msg/_HandLandmark.py)
Linked: (/home/student/Git-projects/robot_project/devel/.private/depthai_ros_msgs/lib/python2.7/dist-packages/depthai_ros_msgs/msg/_SpatialDetectionArray.py, /home/student/Git-projects/robot_project/devel/lib/python2.7/dist-packages/depthai_ros_msgs/msg/_SpatialDetectionArray.py)
Linked: (/home/student/Git-projects/robot_project/devel/.private/depthai_ros_msgs/lib/python2.7/dist-packages/depthai_ros_msgs/msg/_AutoFocusCtrl.py, /home/student/Git-projects/robot_project/devel/lib/python2.7/dist-packages/depthai_ros_msgs/msg/_AutoFocusCtrl.py)
Linked: (/home/student/Git-projects/robot_project/devel/.private/depthai_ros_msgs/lib/python2.7/dist-packages/depthai_ros_msgs/srv/__init__.py, /home/student/Git-projects/robot_project/devel/lib/python2.7/dist-packages/depthai_ros_msgs/srv/__init__.py)
Linked: (/home/student/Git-projects/robot_project/devel/.private/depthai_ros_msgs/lib/python2.7/dist-packages/depthai_ros_msgs/srv/_TriggerNamed.py, /home/student/Git-projects/robot_project/devel/lib/python2.7/dist-packages/depthai_ros_msgs/srv/_TriggerNamed.py)
Linked: (/home/student/Git-projects/robot_project/devel/.private/depthai_ros_msgs/lib/python2.7/dist-packages/depthai_ros_msgs/srv/_NormalizedImageCrop.py, /home/student/Git-projects/robot_project/devel/lib/python2.7/dist-packages/depthai_ros_msgs/srv/_NormalizedImageCrop.py)
Linked: (/home/student/Git-projects/robot_project/devel/.private/depthai_ros_msgs/lib/pkgconfig/depthai_ros_msgs.pc, /home/student/Git-projects/robot_project/devel/lib/pkgconfig/depthai_ros_msgs.pc)
Linked: (/home/student/Git-projects/robot_project/devel/.private/depthai_ros_msgs/share/depthai_ros_msgs/cmake/depthai_ros_msgsConfig.cmake, /home/student/Git-projects/robot_project/devel/share/depthai_ros_msgs/cmake/depthai_ros_msgsConfig.cmake)
Linked: (/home/student/Git-projects/robot_project/devel/.private/depthai_ros_msgs/share/depthai_ros_msgs/cmake/depthai_ros_msgs-msg-extras.cmake, /home/student/Git-projects/robot_project/devel/share/depthai_ros_msgs/cmake/depthai_ros_msgs-msg-extras.cmake)
Linked: (/home/student/Git-projects/robot_project/devel/.private/depthai_ros_msgs/share/depthai_ros_msgs/cmake/depthai_ros_msgsConfig-version.cmake, /home/student/Git-projects/robot_project/devel/share/depthai_ros_msgs/cmake/depthai_ros_msgsConfig-version.cmake)
Linked: (/home/student/Git-projects/robot_project/devel/.private/depthai_ros_msgs/share/depthai_ros_msgs/cmake/depthai_ros_msgs-msg-paths.cmake, /home/student/Git-projects/robot_project/devel/share/depthai_ros_msgs/cmake/depthai_ros_msgs-msg-paths.cmake)
Linked: (/home/student/Git-projects/robot_project/devel/.private/depthai_ros_msgs/share/gennodejs/ros/depthai_ros_msgs/_index.js, /home/student/Git-projects/robot_project/devel/share/gennodejs/ros/depthai_ros_msgs/_index.js)
Linked: (/home/student/Git-projects/robot_project/devel/.private/depthai_ros_msgs/share/gennodejs/ros/depthai_ros_msgs/msg/SpatialDetection.js, /home/student/Git-projects/robot_project/devel/share/gennodejs/ros/depthai_ros_msgs/msg/SpatialDetection.js)
Linked: (/home/student/Git-projects/robot_project/devel/.private/depthai_ros_msgs/share/gennodejs/ros/depthai_ros_msgs/msg/SpatialDetectionArray.js, /home/student/Git-projects/robot_project/devel/share/gennodejs/ros/depthai_ros_msgs/msg/SpatialDetectionArray.js)
Linked: (/home/student/Git-projects/robot_project/devel/.private/depthai_ros_msgs/share/gennodejs/ros/depthai_ros_msgs/msg/AutoFocusCtrl.js, /home/student/Git-projects/robot_project/devel/share/gennodejs/ros/depthai_ros_msgs/msg/AutoFocusCtrl.js)
Linked: (/home/student/Git-projects/robot_project/devel/.private/depthai_ros_msgs/share/gennodejs/ros/depthai_ros_msgs/msg/HandLandmark.js, /home/student/Git-projects/robot_project/devel/share/gennodejs/ros/depthai_ros_msgs/msg/HandLandmark.js)
Linked: (/home/student/Git-projects/robot_project/devel/.private/depthai_ros_msgs/share/gennodejs/ros/depthai_ros_msgs/msg/_index.js, /home/student/Git-projects/robot_project/devel/share/gennodejs/ros/depthai_ros_msgs/msg/_index.js)
Linked: (/home/student/Git-projects/robot_project/devel/.private/depthai_ros_msgs/share/gennodejs/ros/depthai_ros_msgs/msg/HandLandmarkArray.js, /home/student/Git-projects/robot_project/devel/share/gennodejs/ros/depthai_ros_msgs/msg/HandLandmarkArray.js)
Linked: (/home/student/Git-projects/robot_project/devel/.private/depthai_ros_msgs/share/gennodejs/ros/depthai_ros_msgs/srv/TriggerNamed.js, /home/student/Git-projects/robot_project/devel/share/gennodejs/ros/depthai_ros_msgs/srv/TriggerNamed.js)
Linked: (/home/student/Git-projects/robot_project/devel/.private/depthai_ros_msgs/share/gennodejs/ros/depthai_ros_msgs/srv/NormalizedImageCrop.js, /home/student/Git-projects/robot_project/devel/share/gennodejs/ros/depthai_ros_msgs/srv/NormalizedImageCrop.js)
Linked: (/home/student/Git-projects/robot_project/devel/.private/depthai_ros_msgs/share/gennodejs/ros/depthai_ros_msgs/srv/_index.js, /home/student/Git-projects/robot_project/devel/share/gennodejs/ros/depthai_ros_msgs/srv/_index.js)
Linked: (/home/student/Git-projects/robot_project/devel/.private/depthai_ros_msgs/share/roseus/ros/depthai_ros_msgs/manifest.l, /home/student/Git-projects/robot_project/devel/share/roseus/ros/depthai_ros_msgs/manifest.l)
Linked: (/home/student/Git-projects/robot_project/devel/.private/depthai_ros_msgs/share/roseus/ros/depthai_ros_msgs/msg/SpatialDetectionArray.l, /home/student/Git-projects/robot_project/devel/share/roseus/ros/depthai_ros_msgs/msg/SpatialDetectionArray.l)
Linked: (/home/student/Git-projects/robot_project/devel/.private/depthai_ros_msgs/share/roseus/ros/depthai_ros_msgs/msg/SpatialDetection.l, /home/student/Git-projects/robot_project/devel/share/roseus/ros/depthai_ros_msgs/msg/SpatialDetection.l)
Linked: (/home/student/Git-projects/robot_project/devel/.private/depthai_ros_msgs/share/roseus/ros/depthai_ros_msgs/msg/AutoFocusCtrl.l, /home/student/Git-projects/robot_project/devel/share/roseus/ros/depthai_ros_msgs/msg/AutoFocusCtrl.l)
Linked: (/home/student/Git-projects/robot_project/devel/.private/depthai_ros_msgs/share/roseus/ros/depthai_ros_msgs/msg/HandLandmarkArray.l, /home/student/Git-projects/robot_project/devel/share/roseus/ros/depthai_ros_msgs/msg/HandLandmarkArray.l)
Linked: (/home/student/Git-projects/robot_project/devel/.private/depthai_ros_msgs/share/roseus/ros/depthai_ros_msgs/msg/HandLandmark.l, /home/student/Git-projects/robot_project/devel/share/roseus/ros/depthai_ros_msgs/msg/HandLandmark.l)
Linked: (/home/student/Git-projects/robot_project/devel/.private/depthai_ros_msgs/share/roseus/ros/depthai_ros_msgs/srv/TriggerNamed.l, /home/student/Git-projects/robot_project/devel/share/roseus/ros/depthai_ros_msgs/srv/TriggerNamed.l)
Linked: (/home/student/Git-projects/robot_project/devel/.private/depthai_ros_msgs/share/roseus/ros/depthai_ros_msgs/srv/NormalizedImageCrop.l, /home/student/Git-projects/robot_project/devel/share/roseus/ros/depthai_ros_msgs/srv/NormalizedImageCrop.l)
Linked: (/home/student/Git-projects/robot_project/devel/.private/depthai_ros_msgs/share/common-lisp/ros/depthai_ros_msgs/msg/HandLandmarkArray.lisp, /home/student/Git-projects/robot_project/devel/share/common-lisp/ros/depthai_ros_msgs/msg/HandLandmarkArray.lisp)
Linked: (/home/student/Git-projects/robot_project/devel/.private/depthai_ros_msgs/share/common-lisp/ros/depthai_ros_msgs/msg/_package_AutoFocusCtrl.lisp, /home/student/Git-projects/robot_project/devel/share/common-lisp/ros/depthai_ros_msgs/msg/_package_AutoFocusCtrl.lisp)
Linked: (/home/student/Git-projects/robot_project/devel/.private/depthai_ros_msgs/share/common-lisp/ros/depthai_ros_msgs/msg/HandLandmark.lisp, /home/student/Git-projects/robot_project/devel/share/common-lisp/ros/depthai_ros_msgs/msg/HandLandmark.lisp)
Linked: (/home/student/Git-projects/robot_project/devel/.private/depthai_ros_msgs/share/common-lisp/ros/depthai_ros_msgs/msg/depthai_ros_msgs-msg.asd, /home/student/Git-projects/robot_project/devel/share/common-lisp/ros/depthai_ros_msgs/msg/depthai_ros_msgs-msg.asd)
Linked: (/home/student/Git-projects/robot_project/devel/.private/depthai_ros_msgs/share/common-lisp/ros/depthai_ros_msgs/msg/SpatialDetection.lisp, /home/student/Git-projects/robot_project/devel/share/common-lisp/ros/depthai_ros_msgs/msg/SpatialDetection.lisp)
Linked: (/home/student/Git-projects/robot_project/devel/.private/depthai_ros_msgs/share/common-lisp/ros/depthai_ros_msgs/msg/_package.lisp, /home/student/Git-projects/robot_project/devel/share/common-lisp/ros/depthai_ros_msgs/msg/_package.lisp)
Linked: (/home/student/Git-projects/robot_project/devel/.private/depthai_ros_msgs/share/common-lisp/ros/depthai_ros_msgs/msg/SpatialDetectionArray.lisp, /home/student/Git-projects/robot_project/devel/share/common-lisp/ros/depthai_ros_msgs/msg/SpatialDetectionArray.lisp)
Linked: (/home/student/Git-projects/robot_project/devel/.private/depthai_ros_msgs/share/common-lisp/ros/depthai_ros_msgs/msg/_package_HandLandmarkArray.lisp, /home/student/Git-projects/robot_project/devel/share/common-lisp/ros/depthai_ros_msgs/msg/_package_HandLandmarkArray.lisp)
Linked: (/home/student/Git-projects/robot_project/devel/.private/depthai_ros_msgs/share/common-lisp/ros/depthai_ros_msgs/msg/_package_SpatialDetection.lisp, /home/student/Git-projects/robot_project/devel/share/common-lisp/ros/depthai_ros_msgs/msg/_package_SpatialDetection.lisp)
Linked: (/home/student/Git-projects/robot_project/devel/.private/depthai_ros_msgs/share/common-lisp/ros/depthai_ros_msgs/msg/AutoFocusCtrl.lisp, /home/student/Git-projects/robot_project/devel/share/common-lisp/ros/depthai_ros_msgs/msg/AutoFocusCtrl.lisp)
Linked: (/home/student/Git-projects/robot_project/devel/.private/depthai_ros_msgs/share/common-lisp/ros/depthai_ros_msgs/msg/_package_SpatialDetectionArray.lisp, /home/student/Git-projects/robot_project/devel/share/common-lisp/ros/depthai_ros_msgs/msg/_package_SpatialDetectionArray.lisp)
Linked: (/home/student/Git-projects/robot_project/devel/.private/depthai_ros_msgs/share/common-lisp/ros/depthai_ros_msgs/msg/_package_HandLandmark.lisp, /home/student/Git-projects/robot_project/devel/share/common-lisp/ros/depthai_ros_msgs/msg/_package_HandLandmark.lisp)
Linked: (/home/student/Git-projects/robot_project/devel/.private/depthai_ros_msgs/share/common-lisp/ros/depthai_ros_msgs/srv/_package_TriggerNamed.lisp, /home/student/Git-projects/robot_project/devel/share/common-lisp/ros/depthai_ros_msgs/srv/_package_TriggerNamed.lisp)
Linked: (/home/student/Git-projects/robot_project/devel/.private/depthai_ros_msgs/share/common-lisp/ros/depthai_ros_msgs/srv/TriggerNamed.lisp, /home/student/Git-projects/robot_project/devel/share/common-lisp/ros/depthai_ros_msgs/srv/TriggerNamed.lisp)
Linked: (/home/student/Git-projects/robot_project/devel/.private/depthai_ros_msgs/share/common-lisp/ros/depthai_ros_msgs/srv/_package.lisp, /home/student/Git-projects/robot_project/devel/share/common-lisp/ros/depthai_ros_msgs/srv/_package.lisp)
Linked: (/home/student/Git-projects/robot_project/devel/.private/depthai_ros_msgs/share/common-lisp/ros/depthai_ros_msgs/srv/depthai_ros_msgs-srv.asd, /home/student/Git-projects/robot_project/devel/share/common-lisp/ros/depthai_ros_msgs/srv/depthai_ros_msgs-srv.asd)
Linked: (/home/student/Git-projects/robot_project/devel/.private/depthai_ros_msgs/share/common-lisp/ros/depthai_ros_msgs/srv/NormalizedImageCrop.lisp, /home/student/Git-projects/robot_project/devel/share/common-lisp/ros/depthai_ros_msgs/srv/NormalizedImageCrop.lisp)
Linked: (/home/student/Git-projects/robot_project/devel/.private/depthai_ros_msgs/share/common-lisp/ros/depthai_ros_msgs/srv/_package_NormalizedImageCrop.lisp, /home/student/Git-projects/robot_project/devel/share/common-lisp/ros/depthai_ros_msgs/srv/_package_NormalizedImageCrop.lisp)
