[  0%] Built target _depthai_ros_msgs_generate_messages_check_deps_HandLandmarkArray
[  0%] Built target sensor_msgs_generate_messages_cpp
[  0%] Built target _depthai_ros_msgs_generate_messages_check_deps_AutoFocusCtrl
[  0%] Built target _depthai_ros_msgs_generate_messages_check_deps_HandLandmark
[  0%] Built target _depthai_ros_msgs_generate_messages_check_deps_SpatialDetectionArray
[  0%] Built target _depthai_ros_msgs_generate_messages_check_deps_SpatialDetection
[  0%] Built target vision_msgs_generate_messages_cpp
[  0%] Built target geometry_msgs_generate_messages_cpp
[  0%] Built target _depthai_ros_msgs_generate_messages_check_deps_NormalizedImageCrop
[  0%] Built target std_msgs_generate_messages_cpp
[  0%] Built target _depthai_ros_msgs_generate_messages_check_deps_TriggerNamed
[  0%] Built target std_msgs_generate_messages_nodejs
[  0%] Built target geometry_msgs_generate_messages_nodejs
[  0%] Built target sensor_msgs_generate_messages_nodejs
[  0%] Built target vision_msgs_generate_messages_nodejs
[  0%] Built target std_msgs_generate_messages_lisp
[  0%] Built target sensor_msgs_generate_messages_lisp
[  0%] Built target vision_msgs_generate_messages_lisp
[  0%] Built target geometry_msgs_generate_messages_lisp
[  0%] Built target sensor_msgs_generate_messages_eus
[  0%] Built target vision_msgs_generate_messages_eus
[  0%] Built target std_msgs_generate_messages_eus
[  0%] Built target geometry_msgs_generate_messages_eus
[  0%] Built target std_msgs_generate_messages_py
[  0%] Built target geometry_msgs_generate_messages_py
[  0%] Built target sensor_msgs_generate_messages_py
[  0%] Built target vision_msgs_generate_messages_py
[  2%] [34m[1mGenerating C++ code from depthai_ros_msgs/HandLandmarkArray.msg[0m
[  5%] [34m[1mGenerating C++ code from depthai_ros_msgs/HandLandmark.msg[0m
[  7%] [34m[1mGenerating C++ code from depthai_ros_msgs/SpatialDetectionArray.msg[0m
[ 10%] [34m[1mGenerating C++ code from depthai_ros_msgs/SpatialDetection.msg[0m
[ 13%] [34m[1mGenerating C++ code from depthai_ros_msgs/AutoFocusCtrl.msg[0m
[ 15%] [34m[1mGenerating C++ code from depthai_ros_msgs/NormalizedImageCrop.srv[0m
[ 18%] [34m[1mGenerating C++ code from depthai_ros_msgs/TriggerNamed.srv[0m
[ 18%] Built target depthai_ros_msgs_generate_messages_cpp
[ 21%] [34m[1mGenerating Javascript code from depthai_ros_msgs/HandLandmarkArray.msg[0m
[ 23%] [34m[1mGenerating Javascript code from depthai_ros_msgs/HandLandmark.msg[0m
[ 26%] [34m[1mGenerating Javascript code from depthai_ros_msgs/SpatialDetectionArray.msg[0m
[ 28%] [34m[1mGenerating Javascript code from depthai_ros_msgs/SpatialDetection.msg[0m
[ 31%] [34m[1mGenerating Javascript code from depthai_ros_msgs/AutoFocusCtrl.msg[0m
[ 34%] [34m[1mGenerating Javascript code from depthai_ros_msgs/NormalizedImageCrop.srv[0m
[ 36%] [34m[1mGenerating Javascript code from depthai_ros_msgs/TriggerNamed.srv[0m
[ 36%] Built target depthai_ros_msgs_generate_messages_nodejs
[ 39%] [34m[1mGenerating Lisp code from depthai_ros_msgs/HandLandmarkArray.msg[0m
[ 42%] [34m[1mGenerating Lisp code from depthai_ros_msgs/HandLandmark.msg[0m
[ 44%] [34m[1mGenerating Lisp code from depthai_ros_msgs/SpatialDetectionArray.msg[0m
[ 47%] [34m[1mGenerating Lisp code from depthai_ros_msgs/SpatialDetection.msg[0m
[ 50%] [34m[1mGenerating Lisp code from depthai_ros_msgs/AutoFocusCtrl.msg[0m
[ 52%] [34m[1mGenerating Lisp code from depthai_ros_msgs/NormalizedImageCrop.srv[0m
[ 55%] [34m[1mGenerating Lisp code from depthai_ros_msgs/TriggerNamed.srv[0m
[ 55%] Built target depthai_ros_msgs_generate_messages_lisp
[ 57%] [34m[1mGenerating EusLisp code from depthai_ros_msgs/HandLandmarkArray.msg[0m
[ 60%] [34m[1mGenerating EusLisp code from depthai_ros_msgs/HandLandmark.msg[0m
[ 63%] [34m[1mGenerating EusLisp code from depthai_ros_msgs/SpatialDetectionArray.msg[0m
[ 65%] [34m[1mGenerating EusLisp code from depthai_ros_msgs/SpatialDetection.msg[0m
[ 68%] [34m[1mGenerating EusLisp code from depthai_ros_msgs/AutoFocusCtrl.msg[0m
[ 71%] [34m[1mGenerating EusLisp code from depthai_ros_msgs/NormalizedImageCrop.srv[0m
[ 73%] [34m[1mGenerating EusLisp code from depthai_ros_msgs/TriggerNamed.srv[0m
[ 76%] Built target depthai_ros_msgs_generate_messages_eus
[ 78%] [34m[1mGenerating Python from MSG depthai_ros_msgs/HandLandmarkArray[0m
[ 81%] [34m[1mGenerating Python from MSG depthai_ros_msgs/HandLandmark[0m
[ 84%] [34m[1mGenerating Python from MSG depthai_ros_msgs/SpatialDetectionArray[0m
[ 86%] [34m[1mGenerating Python from MSG depthai_ros_msgs/SpatialDetection[0m
[ 89%] [34m[1mGenerating Python from MSG depthai_ros_msgs/AutoFocusCtrl[0m
[ 92%] [34m[1mGenerating Python code from SRV depthai_ros_msgs/NormalizedImageCrop[0m
[ 94%] [34m[1mGenerating Python code from SRV depthai_ros_msgs/TriggerNamed[0m
[ 97%] [34m[1mGenerating Python msg __init__.py for depthai_ros_msgs[0m
[100%] [34m[1mGenerating Python srv __init__.py for depthai_ros_msgs[0m
[100%] Built target depthai_ros_msgs_generate_messages_py
[100%] Built target depthai_ros_msgs_generate_messages
