[  0%] Built target _depthai_ros_msgs_generate_messages_check_deps_HandLandmarkArray
[  0%] Built target sensor_msgs_generate_messages_cpp
[  0%] Built target _depthai_ros_msgs_generate_messages_check_deps_AutoFocusCtrl
[  0%] Built target _depthai_ros_msgs_generate_messages_check_deps_HandLandmark
[  0%] Built target _depthai_ros_msgs_generate_messages_check_deps_SpatialDetectionArray
[  0%] Built target vision_msgs_generate_messages_cpp
[  0%] Built target _depthai_ros_msgs_generate_messages_check_deps_SpatialDetection
[  0%] Built target geometry_msgs_generate_messages_cpp
[  0%] Built target std_msgs_generate_messages_cpp
[  0%] Built target _depthai_ros_msgs_generate_messages_check_deps_NormalizedImageCrop
[  0%] Built target std_msgs_generate_messages_nodejs
[  0%] Built target _depthai_ros_msgs_generate_messages_check_deps_TriggerNamed
[  0%] Built target geometry_msgs_generate_messages_nodejs
[  0%] Built target sensor_msgs_generate_messages_nodejs
[  0%] Built target std_msgs_generate_messages_lisp
[  0%] Built target vision_msgs_generate_messages_nodejs
[  0%] Built target sensor_msgs_generate_messages_lisp
[  0%] Built target geometry_msgs_generate_messages_lisp
[  0%] Built target vision_msgs_generate_messages_lisp
[  0%] Built target vision_msgs_generate_messages_eus
[  0%] Built target sensor_msgs_generate_messages_eus
[  0%] Built target std_msgs_generate_messages_eus
[  0%] Built target geometry_msgs_generate_messages_eus
[  0%] Built target std_msgs_generate_messages_py
[  0%] Built target geometry_msgs_generate_messages_py
[  0%] Built target sensor_msgs_generate_messages_py
[  0%] Built target vision_msgs_generate_messages_py
[ 18%] Built target depthai_ros_msgs_generate_messages_cpp
[ 36%] Built target depthai_ros_msgs_generate_messages_nodejs
[ 55%] Built target depthai_ros_msgs_generate_messages_lisp
[ 76%] Built target depthai_ros_msgs_generate_messages_eus
[100%] Built target depthai_ros_msgs_generate_messages_py
[100%] Built target depthai_ros_msgs_generate_messages
