Determining if the pthread_create exist failed with the following output:
Change Dir: /home/student/Git-projects/robot_project/build/xarm_gazebo/CMakeFiles/CMakeTmp

Run Build Command:"/usr/bin/make" "cmTC_e8353/fast"
/usr/bin/make -f CMakeFiles/cmTC_e8353.dir/build.make CMakeFiles/cmTC_e8353.dir/build
make[1]: Entering directory '/home/student/Git-projects/robot_project/build/xarm_gazebo/CMakeFiles/CMakeTmp'
Building C object CMakeFiles/cmTC_e8353.dir/CheckSymbolExists.c.o
/usr/bin/cc    -o CMakeFiles/cmTC_e8353.dir/CheckSymbolExists.c.o   -c /home/student/Git-projects/robot_project/build/xarm_gazebo/CMakeFiles/CMakeTmp/CheckSymbolExists.c
Linking C executable cmTC_e8353
/usr/bin/cmake -E cmake_link_script CMakeFiles/cmTC_e8353.dir/link.txt --verbose=1
/usr/bin/cc      -rdynamic CMakeFiles/cmTC_e8353.dir/CheckSymbolExists.c.o  -o cmTC_e8353 
CMakeFiles/cmTC_e8353.dir/CheckSymbolExists.c.o: In function `main':
CheckSymbolExists.c:(.text+0x1b): undefined reference to `pthread_create'
collect2: error: ld returned 1 exit status
CMakeFiles/cmTC_e8353.dir/build.make:97: recipe for target 'cmTC_e8353' failed
make[1]: *** [cmTC_e8353] Error 1
make[1]: Leaving directory '/home/student/Git-projects/robot_project/build/xarm_gazebo/CMakeFiles/CMakeTmp'
Makefile:126: recipe for target 'cmTC_e8353/fast' failed
make: *** [cmTC_e8353/fast] Error 2

File /home/student/Git-projects/robot_project/build/xarm_gazebo/CMakeFiles/CMakeTmp/CheckSymbolExists.c:
/* */
#include <pthread.h>

int main(int argc, char** argv)
{
  (void)argv;
#ifndef pthread_create
  return ((int*)(&pthread_create))[argc];
#else
  (void)argc;
  return 0;
#endif
}

Determining if the function pthread_create exists in the pthreads failed with the following output:
Change Dir: /home/student/Git-projects/robot_project/build/xarm_gazebo/CMakeFiles/CMakeTmp

Run Build Command:"/usr/bin/make" "cmTC_d4fae/fast"
/usr/bin/make -f CMakeFiles/cmTC_d4fae.dir/build.make CMakeFiles/cmTC_d4fae.dir/build
make[1]: Entering directory '/home/student/Git-projects/robot_project/build/xarm_gazebo/CMakeFiles/CMakeTmp'
Building C object CMakeFiles/cmTC_d4fae.dir/CheckFunctionExists.c.o
/usr/bin/cc   -DCHECK_FUNCTION_EXISTS=pthread_create   -o CMakeFiles/cmTC_d4fae.dir/CheckFunctionExists.c.o   -c /usr/share/cmake-3.10/Modules/CheckFunctionExists.c
Linking C executable cmTC_d4fae
/usr/bin/cmake -E cmake_link_script CMakeFiles/cmTC_d4fae.dir/link.txt --verbose=1
/usr/bin/cc  -DCHECK_FUNCTION_EXISTS=pthread_create    -rdynamic CMakeFiles/cmTC_d4fae.dir/CheckFunctionExists.c.o  -o cmTC_d4fae -lpthreads 
/usr/bin/ld: cannot find -lpthreads
collect2: error: ld returned 1 exit status
CMakeFiles/cmTC_d4fae.dir/build.make:97: recipe for target 'cmTC_d4fae' failed
make[1]: *** [cmTC_d4fae] Error 1
make[1]: Leaving directory '/home/student/Git-projects/robot_project/build/xarm_gazebo/CMakeFiles/CMakeTmp'
Makefile:126: recipe for target 'cmTC_d4fae/fast' failed
make: *** [cmTC_d4fae/fast] Error 2


