Symlinking /home/student/Git-projects/robot_project/devel/include/hoofdprogramma/PickAndPlaceActionGoal.h
Symlinking /home/student/Git-projects/robot_project/devel/include/hoofdprogramma/PickAndPlaceFeedback.h
Symlinking /home/student/Git-projects/robot_project/devel/include/hoofdprogramma/PickAndPlaceGoal.h
Symlinking /home/student/Git-projects/robot_project/devel/include/hoofdprogramma/PickAndPlaceAction.h
Symlinking /home/student/Git-projects/robot_project/devel/include/hoofdprogramma/KwastDetection.h
Symlinking /home/student/Git-projects/robot_project/devel/include/hoofdprogramma/PickAndPlaceActionFeedback.h
Symlinking /home/student/Git-projects/robot_project/devel/include/hoofdprogramma/PickAndPlaceResult.h
Symlinking /home/student/Git-projects/robot_project/devel/include/hoofdprogramma/PickAndPlaceActionResult.h
Symlinking /home/student/Git-projects/robot_project/devel/lib/python2.7/dist-packages/hoofdprogramma/__init__.py
Symlinking /home/student/Git-projects/robot_project/devel/lib/python2.7/dist-packages/hoofdprogramma/msg/_KwastDetection.py
Symlinking /home/student/Git-projects/robot_project/devel/lib/python2.7/dist-packages/hoofdprogramma/msg/_PickAndPlaceActionGoal.py
Symlinking /home/student/Git-projects/robot_project/devel/lib/python2.7/dist-packages/hoofdprogramma/msg/__init__.py
Symlinking /home/student/Git-projects/robot_project/devel/lib/python2.7/dist-packages/hoofdprogramma/msg/_PickAndPlaceAction.py
Symlinking /home/student/Git-projects/robot_project/devel/lib/python2.7/dist-packages/hoofdprogramma/msg/_PickAndPlaceActionResult.py
Symlinking /home/student/Git-projects/robot_project/devel/lib/python2.7/dist-packages/hoofdprogramma/msg/_PickAndPlaceActionFeedback.py
Symlinking /home/student/Git-projects/robot_project/devel/lib/python2.7/dist-packages/hoofdprogramma/msg/_PickAndPlaceResult.py
Symlinking /home/student/Git-projects/robot_project/devel/lib/python2.7/dist-packages/hoofdprogramma/msg/_PickAndPlaceGoal.py
Symlinking /home/student/Git-projects/robot_project/devel/lib/python2.7/dist-packages/hoofdprogramma/msg/_PickAndPlaceFeedback.py
Linked: (/home/student/Git-projects/robot_project/devel/.private/hoofdprogramma/lib/pkgconfig/hoofdprogramma.pc, /home/student/Git-projects/robot_project/devel/lib/pkgconfig/hoofdprogramma.pc)
Symlinking /home/student/Git-projects/robot_project/devel/share/gennodejs/ros/hoofdprogramma/_index.js
Symlinking /home/student/Git-projects/robot_project/devel/share/gennodejs/ros/hoofdprogramma/msg/PickAndPlaceFeedback.js
Symlinking /home/student/Git-projects/robot_project/devel/share/gennodejs/ros/hoofdprogramma/msg/PickAndPlaceActionResult.js
Symlinking /home/student/Git-projects/robot_project/devel/share/gennodejs/ros/hoofdprogramma/msg/KwastDetection.js
Symlinking /home/student/Git-projects/robot_project/devel/share/gennodejs/ros/hoofdprogramma/msg/PickAndPlaceGoal.js
Symlinking /home/student/Git-projects/robot_project/devel/share/gennodejs/ros/hoofdprogramma/msg/PickAndPlaceActionFeedback.js
Symlinking /home/student/Git-projects/robot_project/devel/share/gennodejs/ros/hoofdprogramma/msg/PickAndPlaceActionGoal.js
Symlinking /home/student/Git-projects/robot_project/devel/share/gennodejs/ros/hoofdprogramma/msg/_index.js
Symlinking /home/student/Git-projects/robot_project/devel/share/gennodejs/ros/hoofdprogramma/msg/PickAndPlaceAction.js
Symlinking /home/student/Git-projects/robot_project/devel/share/gennodejs/ros/hoofdprogramma/msg/PickAndPlaceResult.js
Symlinking /home/student/Git-projects/robot_project/devel/share/roseus/ros/hoofdprogramma/manifest.l
Symlinking /home/student/Git-projects/robot_project/devel/share/roseus/ros/hoofdprogramma/msg/PickAndPlaceAction.l
Symlinking /home/student/Git-projects/robot_project/devel/share/roseus/ros/hoofdprogramma/msg/KwastDetection.l
Symlinking /home/student/Git-projects/robot_project/devel/share/roseus/ros/hoofdprogramma/msg/PickAndPlaceGoal.l
Symlinking /home/student/Git-projects/robot_project/devel/share/roseus/ros/hoofdprogramma/msg/PickAndPlaceActionFeedback.l
Symlinking /home/student/Git-projects/robot_project/devel/share/roseus/ros/hoofdprogramma/msg/PickAndPlaceActionGoal.l
Symlinking /home/student/Git-projects/robot_project/devel/share/roseus/ros/hoofdprogramma/msg/PickAndPlaceActionResult.l
Symlinking /home/student/Git-projects/robot_project/devel/share/roseus/ros/hoofdprogramma/msg/PickAndPlaceFeedback.l
Symlinking /home/student/Git-projects/robot_project/devel/share/roseus/ros/hoofdprogramma/msg/PickAndPlaceResult.l
Symlinking /home/student/Git-projects/robot_project/devel/share/common-lisp/ros/hoofdprogramma/msg/_package_PickAndPlaceActionResult.lisp
Symlinking /home/student/Git-projects/robot_project/devel/share/common-lisp/ros/hoofdprogramma/msg/PickAndPlaceActionGoal.lisp
Symlinking /home/student/Git-projects/robot_project/devel/share/common-lisp/ros/hoofdprogramma/msg/PickAndPlaceGoal.lisp
Symlinking /home/student/Git-projects/robot_project/devel/share/common-lisp/ros/hoofdprogramma/msg/PickAndPlaceFeedback.lisp
Symlinking /home/student/Git-projects/robot_project/devel/share/common-lisp/ros/hoofdprogramma/msg/_package.lisp
Symlinking /home/student/Git-projects/robot_project/devel/share/common-lisp/ros/hoofdprogramma/msg/hoofdprogramma-msg.asd
Symlinking /home/student/Git-projects/robot_project/devel/share/common-lisp/ros/hoofdprogramma/msg/PickAndPlaceActionFeedback.lisp
Symlinking /home/student/Git-projects/robot_project/devel/share/common-lisp/ros/hoofdprogramma/msg/PickAndPlaceActionResult.lisp
Symlinking /home/student/Git-projects/robot_project/devel/share/common-lisp/ros/hoofdprogramma/msg/PickAndPlaceAction.lisp
Symlinking /home/student/Git-projects/robot_project/devel/share/common-lisp/ros/hoofdprogramma/msg/_package_KwastDetection.lisp
Symlinking /home/student/Git-projects/robot_project/devel/share/common-lisp/ros/hoofdprogramma/msg/_package_PickAndPlaceActionFeedback.lisp
Symlinking /home/student/Git-projects/robot_project/devel/share/common-lisp/ros/hoofdprogramma/msg/_package_PickAndPlaceResult.lisp
Symlinking /home/student/Git-projects/robot_project/devel/share/common-lisp/ros/hoofdprogramma/msg/_package_PickAndPlaceFeedback.lisp
Symlinking /home/student/Git-projects/robot_project/devel/share/common-lisp/ros/hoofdprogramma/msg/_package_PickAndPlaceActionGoal.lisp
Symlinking /home/student/Git-projects/robot_project/devel/share/common-lisp/ros/hoofdprogramma/msg/KwastDetection.lisp
Symlinking /home/student/Git-projects/robot_project/devel/share/common-lisp/ros/hoofdprogramma/msg/_package_PickAndPlaceGoal.lisp
Symlinking /home/student/Git-projects/robot_project/devel/share/common-lisp/ros/hoofdprogramma/msg/_package_PickAndPlaceAction.lisp
Symlinking /home/student/Git-projects/robot_project/devel/share/common-lisp/ros/hoofdprogramma/msg/PickAndPlaceResult.lisp
Symlinking /home/student/Git-projects/robot_project/devel/share/hoofdprogramma/msg/PickAndPlaceResult.msg
Symlinking /home/student/Git-projects/robot_project/devel/share/hoofdprogramma/msg/PickAndPlaceActionFeedback.msg
Symlinking /home/student/Git-projects/robot_project/devel/share/hoofdprogramma/msg/PickAndPlaceAction.msg
Symlinking /home/student/Git-projects/robot_project/devel/share/hoofdprogramma/msg/PickAndPlaceActionGoal.msg
Symlinking /home/student/Git-projects/robot_project/devel/share/hoofdprogramma/msg/PickAndPlaceGoal.msg
Symlinking /home/student/Git-projects/robot_project/devel/share/hoofdprogramma/msg/PickAndPlaceActionResult.msg
Symlinking /home/student/Git-projects/robot_project/devel/share/hoofdprogramma/msg/PickAndPlaceFeedback.msg
Symlinking /home/student/Git-projects/robot_project/devel/share/hoofdprogramma/cmake/hoofdprogramma-msg-paths.cmake
Linked: (/home/student/Git-projects/robot_project/devel/.private/hoofdprogramma/share/hoofdprogramma/cmake/hoofdprogrammaConfig.cmake, /home/student/Git-projects/robot_project/devel/share/hoofdprogramma/cmake/hoofdprogrammaConfig.cmake)
Linked: (/home/student/Git-projects/robot_project/devel/.private/hoofdprogramma/share/hoofdprogramma/cmake/hoofdprogrammaConfig-version.cmake, /home/student/Git-projects/robot_project/devel/share/hoofdprogramma/cmake/hoofdprogrammaConfig-version.cmake)
Symlinking /home/student/Git-projects/robot_project/devel/share/hoofdprogramma/cmake/hoofdprogramma-msg-extras.cmake
