[  0%] Built target actionlib_msgs_generate_messages_py
[  0%] Built target _hoofdprogramma_generate_messages_check_deps_PickAndPlaceAction
[  0%] Built target _hoofdprogramma_generate_messages_check_deps_PickAndPlaceFeedback
[  0%] Built target _hoofdprogramma_generate_messages_check_deps_KwastDetection
[  0%] Built target _hoofdprogramma_generate_messages_check_deps_PickAndPlaceActionGoal
[  0%] Built target _hoofdprogramma_generate_messages_check_deps_PickAndPlaceGoal
[  0%] Built target _hoofdprogramma_generate_messages_check_deps_PickAndPlaceActionFeedback
[  0%] Built target geometry_msgs_generate_messages_py
[  0%] Built target _hoofdprogramma_generate_messages_check_deps_PickAndPlaceResult
[  0%] Built target std_msgs_generate_messages_py
[  0%] Built target _hoofdprogramma_generate_messages_check_deps_PickAndPlaceActionResult
[  0%] Built target std_msgs_generate_messages_nodejs
[  0%] Built target actionlib_msgs_generate_messages_nodejs
[  0%] Built target geometry_msgs_generate_messages_nodejs
[  0%] Built target actionlib_msgs_generate_messages_lisp
[  0%] Built target std_msgs_generate_messages_lisp
[  0%] Built target geometry_msgs_generate_messages_lisp
[  0%] Built target actionlib_msgs_generate_messages_cpp
[  0%] Built target geometry_msgs_generate_messages_cpp
[  0%] Built target std_msgs_generate_messages_cpp
[  0%] Built target geometry_msgs_generate_messages_eus
[  0%] Built target std_msgs_generate_messages_eus
[  0%] Built target actionlib_msgs_generate_messages_eus
[  2%] [34m[1mGenerating Python from MSG hoofdprogramma/PickAndPlaceActionResult[0m
[  4%] [34m[1mGenerating Python from MSG hoofdprogramma/PickAndPlaceActionFeedback[0m
[  7%] [34m[1mGenerating Javascript code from hoofdprogramma/PickAndPlaceActionResult.msg[0m
[  9%] [34m[1mGenerating Javascript code from hoofdprogramma/PickAndPlaceActionFeedback.msg[0m
[ 11%] [34m[1mGenerating Python from MSG hoofdprogramma/PickAndPlaceGoal[0m
[ 14%] [34m[1mGenerating Javascript code from hoofdprogramma/PickAndPlaceGoal.msg[0m
[ 16%] [34m[1mGenerating Javascript code from hoofdprogramma/PickAndPlaceResult.msg[0m
[ 19%] [34m[1mGenerating Javascript code from hoofdprogramma/PickAndPlaceActionGoal.msg[0m
[ 21%] [34m[1mGenerating Python from MSG hoofdprogramma/PickAndPlaceResult[0m
[ 23%] [34m[1mGenerating Javascript code from hoofdprogramma/PickAndPlaceFeedback.msg[0m
[ 26%] [34m[1mGenerating Javascript code from hoofdprogramma/PickAndPlaceAction.msg[0m
[ 28%] [34m[1mGenerating Python from MSG hoofdprogramma/PickAndPlaceActionGoal[0m
[ 30%] Built target hoofdprogramma_generate_messages_nodejs
[ 33%] [34m[1mGenerating Lisp code from hoofdprogramma/PickAndPlaceActionResult.msg[0m
[ 35%] [34m[1mGenerating Lisp code from hoofdprogramma/PickAndPlaceActionFeedback.msg[0m
[ 38%] [34m[1mGenerating Lisp code from hoofdprogramma/PickAndPlaceGoal.msg[0m
[ 40%] [34m[1mGenerating Python from MSG hoofdprogramma/PickAndPlaceFeedback[0m
[ 42%] [34m[1mGenerating Lisp code from hoofdprogramma/PickAndPlaceResult.msg[0m
[ 45%] [34m[1mGenerating Lisp code from hoofdprogramma/PickAndPlaceActionGoal.msg[0m
[ 47%] [34m[1mGenerating Python from MSG hoofdprogramma/PickAndPlaceAction[0m
[ 50%] [34m[1mGenerating Lisp code from hoofdprogramma/PickAndPlaceFeedback.msg[0m
[ 52%] [34m[1mGenerating Lisp code from hoofdprogramma/PickAndPlaceAction.msg[0m
[ 54%] Built target hoofdprogramma_generate_messages_lisp
[ 57%] [34m[1mGenerating Python msg __init__.py for hoofdprogramma[0m
[ 59%] [34m[1mGenerating C++ code from hoofdprogramma/PickAndPlaceActionResult.msg[0m
[ 61%] Built target hoofdprogramma_generate_messages_py
[ 64%] [34m[1mGenerating C++ code from hoofdprogramma/PickAndPlaceActionFeedback.msg[0m
[ 66%] [34m[1mGenerating EusLisp code from hoofdprogramma/PickAndPlaceActionResult.msg[0m
[ 69%] [34m[1mGenerating C++ code from hoofdprogramma/PickAndPlaceGoal.msg[0m
[ 71%] [34m[1mGenerating EusLisp code from hoofdprogramma/PickAndPlaceActionFeedback.msg[0m
[ 73%] [34m[1mGenerating EusLisp code from hoofdprogramma/PickAndPlaceGoal.msg[0m
[ 76%] [34m[1mGenerating C++ code from hoofdprogramma/PickAndPlaceResult.msg[0m
[ 78%] [34m[1mGenerating EusLisp code from hoofdprogramma/PickAndPlaceResult.msg[0m
[ 80%] [34m[1mGenerating EusLisp code from hoofdprogramma/PickAndPlaceActionGoal.msg[0m
[ 83%] [34m[1mGenerating C++ code from hoofdprogramma/PickAndPlaceActionGoal.msg[0m
[ 85%] [34m[1mGenerating EusLisp code from hoofdprogramma/PickAndPlaceFeedback.msg[0m
[ 88%] [34m[1mGenerating EusLisp code from hoofdprogramma/PickAndPlaceAction.msg[0m
[ 90%] [34m[1mGenerating C++ code from hoofdprogramma/PickAndPlaceFeedback.msg[0m
[ 95%] Built target hoofdprogramma_generate_messages_eus
[ 97%] [34m[1mGenerating C++ code from hoofdprogramma/PickAndPlaceAction.msg[0m
[100%] Built target hoofdprogramma_generate_messages_cpp
[100%] Built target hoofdprogramma_generate_messages
