Determining if the pthread_create exist failed with the following output:
Change Dir: /home/student/Git-projects/robot_project/build/xarm_sdk/CMakeFiles/CMakeTmp

Run Build Command:"/usr/bin/make" "cmTC_db339/fast"
/usr/bin/make -f CMakeFiles/cmTC_db339.dir/build.make CMakeFiles/cmTC_db339.dir/build
make[1]: Entering directory '/home/student/Git-projects/robot_project/build/xarm_sdk/CMakeFiles/CMakeTmp'
Building C object CMakeFiles/cmTC_db339.dir/CheckSymbolExists.c.o
/usr/bin/cc    -o CMakeFiles/cmTC_db339.dir/CheckSymbolExists.c.o   -c /home/student/Git-projects/robot_project/build/xarm_sdk/CMakeFiles/CMakeTmp/CheckSymbolExists.c
Linking C executable cmTC_db339
/usr/bin/cmake -E cmake_link_script CMakeFiles/cmTC_db339.dir/link.txt --verbose=1
/usr/bin/cc      -rdynamic CMakeFiles/cmTC_db339.dir/CheckSymbolExists.c.o  -o cmTC_db339 
CMakeFiles/cmTC_db339.dir/CheckSymbolExists.c.o: In function `main':
CheckSymbolExists.c:(.text+0x1b): undefined reference to `pthread_create'
collect2: error: ld returned 1 exit status
CMakeFiles/cmTC_db339.dir/build.make:97: recipe for target 'cmTC_db339' failed
make[1]: *** [cmTC_db339] Error 1
make[1]: Leaving directory '/home/student/Git-projects/robot_project/build/xarm_sdk/CMakeFiles/CMakeTmp'
Makefile:126: recipe for target 'cmTC_db339/fast' failed
make: *** [cmTC_db339/fast] Error 2

File /home/student/Git-projects/robot_project/build/xarm_sdk/CMakeFiles/CMakeTmp/CheckSymbolExists.c:
/* */
#include <pthread.h>

int main(int argc, char** argv)
{
  (void)argv;
#ifndef pthread_create
  return ((int*)(&pthread_create))[argc];
#else
  (void)argc;
  return 0;
#endif
}

Determining if the function pthread_create exists in the pthreads failed with the following output:
Change Dir: /home/student/Git-projects/robot_project/build/xarm_sdk/CMakeFiles/CMakeTmp

Run Build Command:"/usr/bin/make" "cmTC_7fb8e/fast"
/usr/bin/make -f CMakeFiles/cmTC_7fb8e.dir/build.make CMakeFiles/cmTC_7fb8e.dir/build
make[1]: Entering directory '/home/student/Git-projects/robot_project/build/xarm_sdk/CMakeFiles/CMakeTmp'
Building C object CMakeFiles/cmTC_7fb8e.dir/CheckFunctionExists.c.o
/usr/bin/cc   -DCHECK_FUNCTION_EXISTS=pthread_create   -o CMakeFiles/cmTC_7fb8e.dir/CheckFunctionExists.c.o   -c /usr/share/cmake-3.10/Modules/CheckFunctionExists.c
Linking C executable cmTC_7fb8e
/usr/bin/cmake -E cmake_link_script CMakeFiles/cmTC_7fb8e.dir/link.txt --verbose=1
/usr/bin/cc  -DCHECK_FUNCTION_EXISTS=pthread_create    -rdynamic CMakeFiles/cmTC_7fb8e.dir/CheckFunctionExists.c.o  -o cmTC_7fb8e -lpthreads 
/usr/bin/ld: cannot find -lpthreads
collect2: error: ld returned 1 exit status
CMakeFiles/cmTC_7fb8e.dir/build.make:97: recipe for target 'cmTC_7fb8e' failed
make[1]: *** [cmTC_7fb8e] Error 1
make[1]: Leaving directory '/home/student/Git-projects/robot_project/build/xarm_sdk/CMakeFiles/CMakeTmp'
Makefile:126: recipe for target 'cmTC_7fb8e/fast' failed
make: *** [cmTC_7fb8e/fast] Error 2


