Determining if the pthread_create exist failed with the following output:
Change Dir: /home/student/Git-projects/robot_project/build/uf_robot_moveit_config/CMakeFiles/CMakeTmp

Run Build Command:"/usr/bin/make" "cmTC_abef3/fast"
/usr/bin/make -f CMakeFiles/cmTC_abef3.dir/build.make CMakeFiles/cmTC_abef3.dir/build
make[1]: Entering directory '/home/student/Git-projects/robot_project/build/uf_robot_moveit_config/CMakeFiles/CMakeTmp'
Building C object CMakeFiles/cmTC_abef3.dir/CheckSymbolExists.c.o
/usr/bin/cc    -o CMakeFiles/cmTC_abef3.dir/CheckSymbolExists.c.o   -c /home/student/Git-projects/robot_project/build/uf_robot_moveit_config/CMakeFiles/CMakeTmp/CheckSymbolExists.c
Linking C executable cmTC_abef3
/usr/bin/cmake -E cmake_link_script CMakeFiles/cmTC_abef3.dir/link.txt --verbose=1
/usr/bin/cc      -rdynamic CMakeFiles/cmTC_abef3.dir/CheckSymbolExists.c.o  -o cmTC_abef3 
CMakeFiles/cmTC_abef3.dir/CheckSymbolExists.c.o: In function `main':
CheckSymbolExists.c:(.text+0x1b): undefined reference to `pthread_create'
collect2: error: ld returned 1 exit status
CMakeFiles/cmTC_abef3.dir/build.make:97: recipe for target 'cmTC_abef3' failed
make[1]: *** [cmTC_abef3] Error 1
make[1]: Leaving directory '/home/student/Git-projects/robot_project/build/uf_robot_moveit_config/CMakeFiles/CMakeTmp'
Makefile:126: recipe for target 'cmTC_abef3/fast' failed
make: *** [cmTC_abef3/fast] Error 2

File /home/student/Git-projects/robot_project/build/uf_robot_moveit_config/CMakeFiles/CMakeTmp/CheckSymbolExists.c:
/* */
#include <pthread.h>

int main(int argc, char** argv)
{
  (void)argv;
#ifndef pthread_create
  return ((int*)(&pthread_create))[argc];
#else
  (void)argc;
  return 0;
#endif
}

Determining if the function pthread_create exists in the pthreads failed with the following output:
Change Dir: /home/student/Git-projects/robot_project/build/uf_robot_moveit_config/CMakeFiles/CMakeTmp

Run Build Command:"/usr/bin/make" "cmTC_c772b/fast"
/usr/bin/make -f CMakeFiles/cmTC_c772b.dir/build.make CMakeFiles/cmTC_c772b.dir/build
make[1]: Entering directory '/home/student/Git-projects/robot_project/build/uf_robot_moveit_config/CMakeFiles/CMakeTmp'
Building C object CMakeFiles/cmTC_c772b.dir/CheckFunctionExists.c.o
/usr/bin/cc   -DCHECK_FUNCTION_EXISTS=pthread_create   -o CMakeFiles/cmTC_c772b.dir/CheckFunctionExists.c.o   -c /usr/share/cmake-3.10/Modules/CheckFunctionExists.c
Linking C executable cmTC_c772b
/usr/bin/cmake -E cmake_link_script CMakeFiles/cmTC_c772b.dir/link.txt --verbose=1
/usr/bin/cc  -DCHECK_FUNCTION_EXISTS=pthread_create    -rdynamic CMakeFiles/cmTC_c772b.dir/CheckFunctionExists.c.o  -o cmTC_c772b -lpthreads 
/usr/bin/ld: cannot find -lpthreads
collect2: error: ld returned 1 exit status
CMakeFiles/cmTC_c772b.dir/build.make:97: recipe for target 'cmTC_c772b' failed
make[1]: *** [cmTC_c772b] Error 1
make[1]: Leaving directory '/home/student/Git-projects/robot_project/build/uf_robot_moveit_config/CMakeFiles/CMakeTmp'
Makefile:126: recipe for target 'cmTC_c772b/fast' failed
make: *** [cmTC_c772b/fast] Error 2


