Determining if the pthread_create exist failed with the following output:
Change Dir: /home/student/Git-projects/robot_project/build/xarm_planner/CMakeFiles/CMakeTmp

Run Build Command:"/usr/bin/make" "cmTC_13dbe/fast"
/usr/bin/make -f CMakeFiles/cmTC_13dbe.dir/build.make CMakeFiles/cmTC_13dbe.dir/build
make[1]: Entering directory '/home/student/Git-projects/robot_project/build/xarm_planner/CMakeFiles/CMakeTmp'
Building C object CMakeFiles/cmTC_13dbe.dir/CheckSymbolExists.c.o
/usr/bin/cc    -o CMakeFiles/cmTC_13dbe.dir/CheckSymbolExists.c.o   -c /home/student/Git-projects/robot_project/build/xarm_planner/CMakeFiles/CMakeTmp/CheckSymbolExists.c
Linking C executable cmTC_13dbe
/usr/bin/cmake -E cmake_link_script CMakeFiles/cmTC_13dbe.dir/link.txt --verbose=1
/usr/bin/cc      -rdynamic CMakeFiles/cmTC_13dbe.dir/CheckSymbolExists.c.o  -o cmTC_13dbe 
CMakeFiles/cmTC_13dbe.dir/CheckSymbolExists.c.o: In function `main':
CheckSymbolExists.c:(.text+0x1b): undefined reference to `pthread_create'
collect2: error: ld returned 1 exit status
CMakeFiles/cmTC_13dbe.dir/build.make:97: recipe for target 'cmTC_13dbe' failed
make[1]: *** [cmTC_13dbe] Error 1
make[1]: Leaving directory '/home/student/Git-projects/robot_project/build/xarm_planner/CMakeFiles/CMakeTmp'
Makefile:126: recipe for target 'cmTC_13dbe/fast' failed
make: *** [cmTC_13dbe/fast] Error 2

File /home/student/Git-projects/robot_project/build/xarm_planner/CMakeFiles/CMakeTmp/CheckSymbolExists.c:
/* */
#include <pthread.h>

int main(int argc, char** argv)
{
  (void)argv;
#ifndef pthread_create
  return ((int*)(&pthread_create))[argc];
#else
  (void)argc;
  return 0;
#endif
}

Determining if the function pthread_create exists in the pthreads failed with the following output:
Change Dir: /home/student/Git-projects/robot_project/build/xarm_planner/CMakeFiles/CMakeTmp

Run Build Command:"/usr/bin/make" "cmTC_72676/fast"
/usr/bin/make -f CMakeFiles/cmTC_72676.dir/build.make CMakeFiles/cmTC_72676.dir/build
make[1]: Entering directory '/home/student/Git-projects/robot_project/build/xarm_planner/CMakeFiles/CMakeTmp'
Building C object CMakeFiles/cmTC_72676.dir/CheckFunctionExists.c.o
/usr/bin/cc   -DCHECK_FUNCTION_EXISTS=pthread_create   -o CMakeFiles/cmTC_72676.dir/CheckFunctionExists.c.o   -c /usr/share/cmake-3.10/Modules/CheckFunctionExists.c
Linking C executable cmTC_72676
/usr/bin/cmake -E cmake_link_script CMakeFiles/cmTC_72676.dir/link.txt --verbose=1
/usr/bin/cc  -DCHECK_FUNCTION_EXISTS=pthread_create    -rdynamic CMakeFiles/cmTC_72676.dir/CheckFunctionExists.c.o  -o cmTC_72676 -lpthreads 
/usr/bin/ld: cannot find -lpthreads
collect2: error: ld returned 1 exit status
CMakeFiles/cmTC_72676.dir/build.make:97: recipe for target 'cmTC_72676' failed
make[1]: *** [cmTC_72676] Error 1
make[1]: Leaving directory '/home/student/Git-projects/robot_project/build/xarm_planner/CMakeFiles/CMakeTmp'
Makefile:126: recipe for target 'cmTC_72676/fast' failed
make: *** [cmTC_72676/fast] Error 2


