[  0%] Built target vision_msgs_generate_messages_cpp
[  0%] Built target bond_generate_messages_nodejs
[  0%] Built target bond_generate_messages_cpp
[  0%] Built target nodelet_generate_messages_nodejs
[  0%] Built target nodelet_generate_messages_lisp
[  0%] Built target nodelet_generate_messages_eus
[  0%] Built target bond_generate_messages_py
[  0%] Built target nodelet_generate_messages_cpp
[  0%] Built target stereo_msgs_generate_messages_py
[  0%] Built target stereo_msgs_generate_messages_nodejs
[  0%] Built target stereo_msgs_generate_messages_eus
[  0%] Built target stereo_msgs_generate_messages_cpp
[  0%] Built target vision_msgs_generate_messages_nodejs
[  0%] Built target vision_msgs_generate_messages_eus
[  0%] Built target geometry_msgs_generate_messages_py
[  0%] Built target sensor_msgs_generate_messages_eus
[  0%] Built target sensor_msgs_generate_messages_cpp
[  0%] Built target std_msgs_generate_messages_lisp
[  0%] Built target stereo_msgs_generate_messages_lisp
[  0%] Built target geometry_msgs_generate_messages_cpp
[  0%] Built target geometry_msgs_generate_messages_lisp
[  0%] Built target sensor_msgs_generate_messages_py
[  0%] Built target vision_msgs_generate_messages_py
[  0%] Built target sensor_msgs_generate_messages_nodejs
[  0%] Built target roscpp_generate_messages_cpp
[  0%] Built target depthai_ros_msgs_generate_messages_eus
[  0%] Built target roscpp_generate_messages_py
[  0%] Built target vision_msgs_generate_messages_lisp
[  0%] Built target nodelet_generate_messages_py
[  0%] Built target std_msgs_generate_messages_cpp
[  0%] Built target bond_generate_messages_eus
[  0%] Built target roscpp_generate_messages_lisp
[  0%] Built target sensor_msgs_generate_messages_lisp
[  0%] Built target std_msgs_generate_messages_eus
[  0%] Built target rosgraph_msgs_generate_messages_nodejs
[  0%] Built target bond_generate_messages_lisp
[  0%] Built target std_msgs_generate_messages_nodejs
[  0%] Built target std_msgs_generate_messages_py
[  0%] Built target geometry_msgs_generate_messages_eus
[  0%] Built target roscpp_generate_messages_nodejs
[  0%] Built target roscpp_generate_messages_eus
[  0%] Built target rosgraph_msgs_generate_messages_cpp
[  0%] Built target rosgraph_msgs_generate_messages_eus
[  0%] Built target rosgraph_msgs_generate_messages_lisp
[  0%] Built target rosgraph_msgs_generate_messages_py
[  0%] Built target depthai_ros_msgs_generate_messages_nodejs
[  0%] Built target depthai_ros_msgs_generate_messages_cpp
[  0%] Built target depthai_ros_msgs_generate_messages_lisp
[  0%] Built target geometry_msgs_generate_messages_nodejs
[  0%] Built target depthai_ros_msgs_generate_messages_py
[35m[1mScanning dependencies of target nodelet_stereo[0m
[ 14%] [32mBuilding CXX object CMakeFiles/nodelet_stereo.dir/ros1_src/stereo_nodelet.cpp.o[0m
[35m[1mScanning dependencies of target stereo_inertial_nn_node[0m
[ 28%] [32mBuilding CXX object CMakeFiles/stereo_inertial_nn_node.dir/ros1_src/stereo_inertial_nn_publisher.cpp.o[0m
[ 42%] [32m[1mLinking CXX shared library /home/student/Git-projects/robot_project/devel/.private/my_depthai/lib/libnodelet_stereo.so[0m
[ 42%] Built target nodelet_stereo
[ 57%] [32mBuilding CXX object CMakeFiles/stereo_inertial_nn_node.dir/ros1_src/processing.cpp.o[0m
[ 71%] [32mBuilding CXX object CMakeFiles/stereo_inertial_nn_node.dir/ros1_src/pipe.cpp.o[0m
[ 85%] [32mBuilding CXX object CMakeFiles/stereo_inertial_nn_node.dir/ros1_src/SpatialDetectionConverterEx.cpp.o[0m
[100%] [32m[1mLinking CXX executable /home/student/Git-projects/robot_project/devel/.private/my_depthai/lib/my_depthai/stereo_inertial_nn_node[0m
[100%] Built target stereo_inertial_nn_node
